10:37:44 **** Incremental Build of configuration Debug for project timerinterrupt ****
make pre-build main-build 
a9-linaro-pre-build-step
' '
make: Nothing to be done for `main-build'.
10:37:50 **** Incremental Build of configuration Debug for project edward ****
make pre-build main-build 
a9-linaro-pre-build-step
' '
make: Nothing to be done for `main-build'.
10:37:50 **** Incremental Build of configuration Debug for project timerinterrupt ****
make pre-build main-build 
a9-linaro-pre-build-step
' '
make: Nothing to be done for `main-build'.
10:38:06 **** Incremental Build of configuration Debug for project edward ****
make pre-build main-build 
a9-linaro-pre-build-step
' '
make: Nothing to be done for `main-build'.
10:38:07 **** Incremental Build of configuration Debug for project timerinterrupt ****
make pre-build main-build 
a9-linaro-pre-build-step
' '
make: Nothing to be done for `main-build'.
10:39:05 **** Auto Build of configuration Debug for project timerinterrupt ****
make pre-build main-build 
a9-linaro-pre-build-step
' '
'Building file: ../src/interrupt_counter_tut_2D_fixed.c'
'Invoking: ARM v7 gcc compiler'
arm-none-eabi-gcc -Wall -O0 -g3 -c -fmessage-length=0 -MT"src/interrupt_counter_tut_2D_fixed.o" -mcpu=cortex-a9 -mfpu=vfpv3 -mfloat-abi=hard -I../../timerinterrupt_bsp/ps7_cortexa9_0/include -MMD -MP -MF"src/interrupt_counter_tut_2D_fixed.d" -MT"src/interrupt_counter_tut_2D_fixed.o" -o "src/interrupt_counter_tut_2D_fixed.o" "../src/interrupt_counter_tut_2D_fixed.c"
'Finished building: ../src/interrupt_counter_tut_2D_fixed.c'
' '
'Building target: timerinterrupt.elf'
'Invoking: ARM v7 gcc linker'
arm-none-eabi-gcc -mcpu=cortex-a9 -mfpu=vfpv3 -mfloat-abi=hard -Wl,-build-id=none -specs=Xilinx.spec -Wl,-T -Wl,../src/lscript.ld -L../../timerinterrupt_bsp/ps7_cortexa9_0/lib -o "timerinterrupt.elf"  ./src/interrupt_counter_tut_2D_fixed.o   -Wl,--start-group,-lxil,-lgcc,-lc,--end-group
'Finished building target: timerinterrupt.elf'
' '
'Invoking: ARM v7 Print Size'
arm-none-eabi-size timerinterrupt.elf  |tee "timerinterrupt.elf.size"
   text	   data	    bss	    dec	    hex	filename
  85772	   4220	  23440	 113432	  1bb18	timerinterrupt.elf
'Finished building: timerinterrupt.elf.size'
' '
10:40:53 **** Auto Build of configuration Debug for project timerinterrupt ****
make pre-build main-build 
a9-linaro-pre-build-step
' '
make: Nothing to be done for `main-build'.
10:41:20 **** Auto Build of configuration Debug for project timerinterrupt ****
make pre-build main-build 
a9-linaro-pre-build-step
' '
make: Nothing to be done for `main-build'.
10:41:59 **** Auto Build of configuration Debug for project timerinterrupt ****
make pre-build main-build 
a9-linaro-pre-build-step
' '
'Building file: ../src/interrupt_counter_tut_2D_fixed.c'
'Invoking: ARM v7 gcc compiler'
arm-none-eabi-gcc -Wall -O0 -g3 -c -fmessage-length=0 -MT"src/interrupt_counter_tut_2D_fixed.o" -mcpu=cortex-a9 -mfpu=vfpv3 -mfloat-abi=hard -I../../timerinterrupt_bsp/ps7_cortexa9_0/include -MMD -MP -MF"src/interrupt_counter_tut_2D_fixed.d" -MT"src/interrupt_counter_tut_2D_fixed.o" -o "src/interrupt_counter_tut_2D_fixed.o" "../src/interrupt_counter_tut_2D_fixed.c"
../src/interrupt_counter_tut_2D_fixed.c:27:28: fatal error: main_v2 - copy.h: No such file or directory
compilation terminated.
make: *** [src/interrupt_counter_tut_2D_fixed.o] Error 1
10:42:31 **** Clean-only build of configuration Debug for project timerinterrupt ****
make clean 
rm -rf  ./src/interrupt_counter_tut_2D_fixed.o  ./src/interrupt_counter_tut_2D_fixed.d  timerinterrupt.elf.size  timerinterrupt.elf
' '
10:42:31 **** Auto Build of configuration Debug for project timerinterrupt ****
make pre-build main-build 
a9-linaro-pre-build-step
' '
'Building file: ../src/interrupt_counter_tut_2D_fixed.c'
'Invoking: ARM v7 gcc compiler'
arm-none-eabi-gcc -Wall -O0 -g3 -c -fmessage-length=0 -MT"src/interrupt_counter_tut_2D_fixed.o" -mcpu=cortex-a9 -mfpu=vfpv3 -mfloat-abi=hard -I../../timerinterrupt_bsp/ps7_cortexa9_0/include -MMD -MP -MF"src/interrupt_counter_tut_2D_fixed.d" -MT"src/interrupt_counter_tut_2D_fixed.o" -o "src/interrupt_counter_tut_2D_fixed.o" "../src/interrupt_counter_tut_2D_fixed.c"
In file included from ../src/interrupt_counter_tut_2D_fixed.c:34:0:
../src/main_v2.h:5:18: fatal error: thread: No such file or directory
compilation terminated.
make: *** [src/interrupt_counter_tut_2D_fixed.o] Error 1
10:43:03 **** Auto Build of configuration Debug for project timerinterrupt ****
make pre-build main-build 
a9-linaro-pre-build-step
' '
'Building file: ../src/interrupt_counter_tut_2D_fixed.c'
'Invoking: ARM v7 gcc compiler'
arm-none-eabi-gcc -Wall -O0 -g3 -c -fmessage-length=0 -MT"src/interrupt_counter_tut_2D_fixed.o" -mcpu=cortex-a9 -mfpu=vfpv3 -mfloat-abi=hard -I../../timerinterrupt_bsp/ps7_cortexa9_0/include -MMD -MP -MF"src/interrupt_counter_tut_2D_fixed.d" -MT"src/interrupt_counter_tut_2D_fixed.o" -o "src/interrupt_counter_tut_2D_fixed.o" "../src/interrupt_counter_tut_2D_fixed.c"
In file included from ../src/interrupt_counter_tut_2D_fixed.c:34:0:
../src/main_v2.h:5:18: fatal error: thread: No such file or directory
compilation terminated.
make: *** [src/interrupt_counter_tut_2D_fixed.o] Error 1
10:46:46 **** Auto Build of configuration Debug for project timerinterrupt ****
make pre-build main-build 
a9-linaro-pre-build-step
' '
'Building file: ../src/interrupt_counter_tut_2D_fixed.c'
'Invoking: ARM v7 gcc compiler'
arm-none-eabi-gcc -Wall -O0 -g3 -c -fmessage-length=0 -MT"src/interrupt_counter_tut_2D_fixed.o" -mcpu=cortex-a9 -mfpu=vfpv3 -mfloat-abi=hard -I../../timerinterrupt_bsp/ps7_cortexa9_0/include -MMD -MP -MF"src/interrupt_counter_tut_2D_fixed.d" -MT"src/interrupt_counter_tut_2D_fixed.o" -o "src/interrupt_counter_tut_2D_fixed.o" "../src/interrupt_counter_tut_2D_fixed.c"
In file included from ../src/interrupt_counter_tut_2D_fixed.c:34:0:
../src/main_v2.h: In function 'updateProgram':
../src/main_v2.h:270:5: error: case label does not reduce to an integer constant
     case programs: // Alarming
     ^
../src/main_v2.h: In function 'setCharDisplay':
../src/main_v2.h:430:8: warning: unused variable 'outputDigit' [-Wunused-variable]
   char outputDigit[7][5];
        ^
In file included from ../src/interrupt_counter_tut_2D_fixed.c:35:0:
../src/asciisymbols_v2.h: At top level:
../src/asciisymbols_v2.h:2:6: error: redefinition of 'ascii_colon'
 char ascii_colon[7][1] = {
      ^
In file included from ../src/main_v2.h:7:0,
                 from ../src/interrupt_counter_tut_2D_fixed.c:34:
../src/asciisymbols_v2.h:2:6: note: previous definition of 'ascii_colon' was here
 char ascii_colon[7][1] = {
      ^
In file included from ../src/interrupt_counter_tut_2D_fixed.c:35:0:
../src/asciisymbols_v2.h:13:6: error: redefinition of 'asciiDigits'
 char asciiDigits[10][7][5] = {
      ^
In file included from ../src/main_v2.h:7:0,
                 from ../src/interrupt_counter_tut_2D_fixed.c:34:
../src/asciisymbols_v2.h:13:6: note: previous definition of 'asciiDigits' was here
 char asciiDigits[10][7][5] = {
      ^
../src/interrupt_counter_tut_2D_fixed.c:199:5: error: redefinition of 'main'
 int main (void)
     ^
In file included from ../src/interrupt_counter_tut_2D_fixed.c:34:0:
../src/main_v2.h:67:5: note: previous definition of 'main' was here
 int main() {
     ^
make: *** [src/interrupt_counter_tut_2D_fixed.o] Error 1
10:46:56 **** Auto Build of configuration Debug for project timerinterrupt ****
make pre-build main-build 
a9-linaro-pre-build-step
' '
'Building file: ../src/interrupt_counter_tut_2D_fixed.c'
'Invoking: ARM v7 gcc compiler'
arm-none-eabi-gcc -Wall -O0 -g3 -c -fmessage-length=0 -MT"src/interrupt_counter_tut_2D_fixed.o" -mcpu=cortex-a9 -mfpu=vfpv3 -mfloat-abi=hard -I../../timerinterrupt_bsp/ps7_cortexa9_0/include -MMD -MP -MF"src/interrupt_counter_tut_2D_fixed.d" -MT"src/interrupt_counter_tut_2D_fixed.o" -o "src/interrupt_counter_tut_2D_fixed.o" "../src/interrupt_counter_tut_2D_fixed.c"
In file included from ../src/interrupt_counter_tut_2D_fixed.c:34:0:
../src/main_v2.h: In function 'setCharDisplay':
../src/main_v2.h:430:8: warning: unused variable 'outputDigit' [-Wunused-variable]
   char outputDigit[7][5];
        ^
In file included from ../src/interrupt_counter_tut_2D_fixed.c:35:0:
../src/asciisymbols_v2.h: At top level:
../src/asciisymbols_v2.h:2:6: error: redefinition of 'ascii_colon'
 char ascii_colon[7][1] = {
      ^
In file included from ../src/main_v2.h:7:0,
                 from ../src/interrupt_counter_tut_2D_fixed.c:34:
../src/asciisymbols_v2.h:2:6: note: previous definition of 'ascii_colon' was here
 char ascii_colon[7][1] = {
      ^
In file included from ../src/interrupt_counter_tut_2D_fixed.c:35:0:
../src/asciisymbols_v2.h:13:6: error: redefinition of 'asciiDigits'
 char asciiDigits[10][7][5] = {
      ^
In file included from ../src/main_v2.h:7:0,
                 from ../src/interrupt_counter_tut_2D_fixed.c:34:
../src/asciisymbols_v2.h:13:6: note: previous definition of 'asciiDigits' was here
 char asciiDigits[10][7][5] = {
      ^
../src/interrupt_counter_tut_2D_fixed.c:199:5: error: redefinition of 'main'
 int main (void)
     ^
In file included from ../src/interrupt_counter_tut_2D_fixed.c:34:0:
../src/main_v2.h:67:5: note: previous definition of 'main' was here
 int main() {
     ^
make: *** [src/interrupt_counter_tut_2D_fixed.o] Error 1
10:47:50 **** Auto Build of configuration Debug for project timerinterrupt ****
make pre-build main-build 
a9-linaro-pre-build-step
' '
'Building file: ../src/interrupt_counter_tut_2D_fixed.c'
'Invoking: ARM v7 gcc compiler'
arm-none-eabi-gcc -Wall -O0 -g3 -c -fmessage-length=0 -MT"src/interrupt_counter_tut_2D_fixed.o" -mcpu=cortex-a9 -mfpu=vfpv3 -mfloat-abi=hard -I../../timerinterrupt_bsp/ps7_cortexa9_0/include -MMD -MP -MF"src/interrupt_counter_tut_2D_fixed.d" -MT"src/interrupt_counter_tut_2D_fixed.o" -o "src/interrupt_counter_tut_2D_fixed.o" "../src/interrupt_counter_tut_2D_fixed.c"
In file included from ../src/interrupt_counter_tut_2D_fixed.c:34:0:
../src/main_v2.h: In function 'setCharDisplay':
../src/main_v2.h:430:8: warning: unused variable 'outputDigit' [-Wunused-variable]
   char outputDigit[7][5];
        ^
In file included from ../src/interrupt_counter_tut_2D_fixed.c:35:0:
../src/asciisymbols_v2.h: At top level:
../src/asciisymbols_v2.h:2:6: error: redefinition of 'ascii_colon'
 char ascii_colon[7][1] = {
      ^
In file included from ../src/main_v2.h:7:0,
                 from ../src/interrupt_counter_tut_2D_fixed.c:34:
../src/asciisymbols_v2.h:2:6: note: previous definition of 'ascii_colon' was here
 char ascii_colon[7][1] = {
      ^
In file included from ../src/interrupt_counter_tut_2D_fixed.c:35:0:
../src/asciisymbols_v2.h:13:6: error: redefinition of 'asciiDigits'
 char asciiDigits[10][7][5] = {
      ^
In file included from ../src/main_v2.h:7:0,
                 from ../src/interrupt_counter_tut_2D_fixed.c:34:
../src/asciisymbols_v2.h:13:6: note: previous definition of 'asciiDigits' was here
 char asciiDigits[10][7][5] = {
      ^
make: *** [src/interrupt_counter_tut_2D_fixed.o] Error 1
10:50:01 **** Auto Build of configuration Debug for project timerinterrupt ****
make pre-build main-build 
a9-linaro-pre-build-step
' '
'Building file: ../src/interrupt_counter_tut_2D_fixed.c'
'Invoking: ARM v7 gcc compiler'
arm-none-eabi-gcc -Wall -O0 -g3 -c -fmessage-length=0 -MT"src/interrupt_counter_tut_2D_fixed.o" -mcpu=cortex-a9 -mfpu=vfpv3 -mfloat-abi=hard -I../../timerinterrupt_bsp/ps7_cortexa9_0/include -MMD -MP -MF"src/interrupt_counter_tut_2D_fixed.d" -MT"src/interrupt_counter_tut_2D_fixed.o" -o "src/interrupt_counter_tut_2D_fixed.o" "../src/interrupt_counter_tut_2D_fixed.c"
In file included from ../src/main_v2.h:7:0,
                 from ../src/interrupt_counter_tut_2D_fixed.c:34:
../src/asciisymbols_v2.h:2:3: error: expected identifier or '(' before '{' token
   {' '},
   ^
../src/asciisymbols_v2.h:2:8: error: expected identifier or '(' before ',' token
   {' '},
        ^
../src/asciisymbols_v2.h:3:8: error: expected identifier or '(' before ',' token
   {' '},
        ^
../src/asciisymbols_v2.h:4:8: error: expected identifier or '(' before ',' token
   {'&'},
        ^
../src/asciisymbols_v2.h:5:8: error: expected identifier or '(' before ',' token
   {' '},
        ^
../src/asciisymbols_v2.h:6:8: error: expected identifier or '(' before ',' token
   {' '},
        ^
../src/asciisymbols_v2.h:7:8: error: expected identifier or '(' before ',' token
   {'&'},
        ^
../src/asciisymbols_v2.h:8:8: error: expected identifier or '(' before ',' token
   {' '},
        ^
In file included from ../src/interrupt_counter_tut_2D_fixed.c:34:0:
../src/main_v2.h: In function 'setCharDisplay':
../src/main_v2.h:430:8: warning: unused variable 'outputDigit' [-Wunused-variable]
   char outputDigit[7][5];
        ^
../src/main_v2.h: In function 'displayColon':
../src/main_v2.h:510:35: error: 'ascii_colon' undeclared (first use in this function)
       display[colon1stPos][i+1] = ascii_colon[i][0];
                                   ^
../src/main_v2.h:510:35: note: each undeclared identifier is reported only once for each function it appears in
In file included from ../src/interrupt_counter_tut_2D_fixed.c:35:0:
../src/asciisymbols_v2.h: At top level:
../src/asciisymbols_v2.h:2:3: error: expected identifier or '(' before '{' token
   {' '},
   ^
../src/asciisymbols_v2.h:2:8: error: expected identifier or '(' before ',' token
   {' '},
        ^
../src/asciisymbols_v2.h:3:8: error: expected identifier or '(' before ',' token
   {' '},
        ^
../src/asciisymbols_v2.h:4:8: error: expected identifier or '(' before ',' token
   {'&'},
        ^
../src/asciisymbols_v2.h:5:8: error: expected identifier or '(' before ',' token
   {' '},
        ^
../src/asciisymbols_v2.h:6:8: error: expected identifier or '(' before ',' token
   {' '},
        ^
../src/asciisymbols_v2.h:7:8: error: expected identifier or '(' before ',' token
   {'&'},
        ^
../src/asciisymbols_v2.h:8:8: error: expected identifier or '(' before ',' token
   {' '},
        ^
../src/asciisymbols_v2.h:12:6: error: redefinition of 'asciiDigits'
 char asciiDigits[10][7][5] = {
      ^
In file included from ../src/main_v2.h:7:0,
                 from ../src/interrupt_counter_tut_2D_fixed.c:34:
../src/asciisymbols_v2.h:12:6: note: previous definition of 'asciiDigits' was here
 char asciiDigits[10][7][5] = {
      ^
make: *** [src/interrupt_counter_tut_2D_fixed.o] Error 1
10:50:04 **** Auto Build of configuration Debug for project timerinterrupt ****
make pre-build main-build 
a9-linaro-pre-build-step
' '
'Building file: ../src/interrupt_counter_tut_2D_fixed.c'
'Invoking: ARM v7 gcc compiler'
arm-none-eabi-gcc -Wall -O0 -g3 -c -fmessage-length=0 -MT"src/interrupt_counter_tut_2D_fixed.o" -mcpu=cortex-a9 -mfpu=vfpv3 -mfloat-abi=hard -I../../timerinterrupt_bsp/ps7_cortexa9_0/include -MMD -MP -MF"src/interrupt_counter_tut_2D_fixed.d" -MT"src/interrupt_counter_tut_2D_fixed.o" -o "src/interrupt_counter_tut_2D_fixed.o" "../src/interrupt_counter_tut_2D_fixed.c"
In file included from ../src/main_v2.h:7:0,
                 from ../src/interrupt_counter_tut_2D_fixed.c:34:
../src/asciisymbols_v2.h:2:5: error: expected identifier or '(' before '[' token
 char[][] ascii_colon[7][1] = {
     ^
In file included from ../src/interrupt_counter_tut_2D_fixed.c:34:0:
../src/main_v2.h: In function 'setCharDisplay':
../src/main_v2.h:430:8: warning: unused variable 'outputDigit' [-Wunused-variable]
   char outputDigit[7][5];
        ^
../src/main_v2.h: In function 'displayColon':
../src/main_v2.h:510:35: error: 'ascii_colon' undeclared (first use in this function)
       display[colon1stPos][i+1] = ascii_colon[i][0];
                                   ^
../src/main_v2.h:510:35: note: each undeclared identifier is reported only once for each function it appears in
In file included from ../src/interrupt_counter_tut_2D_fixed.c:35:0:
../src/asciisymbols_v2.h: At top level:
../src/asciisymbols_v2.h:2:5: error: expected identifier or '(' before '[' token
 char[][] ascii_colon[7][1] = {
     ^
../src/asciisymbols_v2.h:13:6: error: redefinition of 'asciiDigits'
 char asciiDigits[10][7][5] = {
      ^
In file included from ../src/main_v2.h:7:0,
                 from ../src/interrupt_counter_tut_2D_fixed.c:34:
../src/asciisymbols_v2.h:13:6: note: previous definition of 'asciiDigits' was here
 char asciiDigits[10][7][5] = {
      ^
make: *** [src/interrupt_counter_tut_2D_fixed.o] Error 1
10:54:29 **** Auto Build of configuration Debug for project timerinterrupt ****
make pre-build main-build 
a9-linaro-pre-build-step
' '
'Building file: ../src/interrupt_counter_tut_2D_fixed.c'
'Invoking: ARM v7 gcc compiler'
arm-none-eabi-gcc -Wall -O0 -g3 -c -fmessage-length=0 -MT"src/interrupt_counter_tut_2D_fixed.o" -mcpu=cortex-a9 -mfpu=vfpv3 -mfloat-abi=hard -I../../timerinterrupt_bsp/ps7_cortexa9_0/include -MMD -MP -MF"src/interrupt_counter_tut_2D_fixed.d" -MT"src/interrupt_counter_tut_2D_fixed.o" -o "src/interrupt_counter_tut_2D_fixed.o" "../src/interrupt_counter_tut_2D_fixed.c"
In file included from ../src/interrupt_counter_tut_2D_fixed.c:34:0:
../src/main_v2.h: In function 'setCharDisplay':
../src/main_v2.h:430:8: warning: unused variable 'outputDigit' [-Wunused-variable]
   char outputDigit[7][5];
        ^
In file included from ../src/interrupt_counter_tut_2D_fixed.c:35:0:
../src/asciisymbols_v2.h: At top level:
../src/asciisymbols_v2.h:2:6: error: redefinition of 'ascii_colon'
 char ascii_colon[7][1] = {
      ^
In file included from ../src/main_v2.h:7:0,
                 from ../src/interrupt_counter_tut_2D_fixed.c:34:
../src/asciisymbols_v2.h:2:6: note: previous definition of 'ascii_colon' was here
 char ascii_colon[7][1] = {
      ^
In file included from ../src/interrupt_counter_tut_2D_fixed.c:35:0:
../src/asciisymbols_v2.h:13:6: error: redefinition of 'asciiDigits'
 char asciiDigits[10][7][5] = {
      ^
In file included from ../src/main_v2.h:7:0,
                 from ../src/interrupt_counter_tut_2D_fixed.c:34:
../src/asciisymbols_v2.h:13:6: note: previous definition of 'asciiDigits' was here
 char asciiDigits[10][7][5] = {
      ^
make: *** [src/interrupt_counter_tut_2D_fixed.o] Error 1
10:54:59 **** Clean-only build of configuration Debug for project timerinterrupt ****
make clean 
rm -rf  ./src/interrupt_counter_tut_2D_fixed.o  ./src/interrupt_counter_tut_2D_fixed.d  timerinterrupt.elf.size  timerinterrupt.elf
' '
10:54:59 **** Auto Build of configuration Debug for project timerinterrupt ****
make pre-build main-build 
a9-linaro-pre-build-step
' '
'Building file: ../src/asciisymbols_v2.c'
'Invoking: ARM v7 gcc compiler'
arm-none-eabi-gcc -Wall -O0 -g3 -c -fmessage-length=0 -MT"src/asciisymbols_v2.o" -mcpu=cortex-a9 -mfpu=vfpv3 -mfloat-abi=hard -I../../timerinterrupt_bsp/ps7_cortexa9_0/include -MMD -MP -MF"src/asciisymbols_v2.d" -MT"src/asciisymbols_v2.o" -o "src/asciisymbols_v2.o" "../src/asciisymbols_v2.c"
'Finished building: ../src/asciisymbols_v2.c'
' '
'Building file: ../src/interrupt_counter_tut_2D_fixed.c'
'Invoking: ARM v7 gcc compiler'
arm-none-eabi-gcc -Wall -O0 -g3 -c -fmessage-length=0 -MT"src/interrupt_counter_tut_2D_fixed.o" -mcpu=cortex-a9 -mfpu=vfpv3 -mfloat-abi=hard -I../../timerinterrupt_bsp/ps7_cortexa9_0/include -MMD -MP -MF"src/interrupt_counter_tut_2D_fixed.d" -MT"src/interrupt_counter_tut_2D_fixed.o" -o "src/interrupt_counter_tut_2D_fixed.o" "../src/interrupt_counter_tut_2D_fixed.c"
In file included from ../src/main_v2.h:8:0,
                 from ../src/interrupt_counter_tut_2D_fixed.c:36:
../src/asciisymbols_v2.c:2:6: error: redefinition of 'ascii_colon'
 char ascii_colon[7][1] = {
      ^
In file included from ../src/interrupt_counter_tut_2D_fixed.c:35:0:
../src/asciisymbols_v2.c:2:6: note: previous definition of 'ascii_colon' was here
 char ascii_colon[7][1] = {
      ^
In file included from ../src/main_v2.h:8:0,
                 from ../src/interrupt_counter_tut_2D_fixed.c:36:
../src/asciisymbols_v2.c:13:6: error: redefinition of 'asciiDigits'
 char asciiDigits[10][7][5] = {
      ^
In file included from ../src/interrupt_counter_tut_2D_fixed.c:35:0:
../src/asciisymbols_v2.c:13:6: note: previous definition of 'asciiDigits' was here
 char asciiDigits[10][7][5] = {
      ^
In file included from ../src/interrupt_counter_tut_2D_fixed.c:36:0:
../src/main_v2.h: In function 'setCharDisplay':
../src/main_v2.h:431:8: warning: unused variable 'outputDigit' [-Wunused-variable]
   char outputDigit[7][5];
        ^
make: *** [src/interrupt_counter_tut_2D_fixed.o] Error 1
10:55:17 **** Clean-only build of configuration Debug for project timerinterrupt ****
make clean 
rm -rf  ./src/asciisymbols_v2.o ./src/interrupt_counter_tut_2D_fixed.o  ./src/asciisymbols_v2.d ./src/interrupt_counter_tut_2D_fixed.d  timerinterrupt.elf.size  timerinterrupt.elf
' '
10:55:18 **** Auto Build of configuration Debug for project timerinterrupt ****
make pre-build main-build 
a9-linaro-pre-build-step
' '
'Building file: ../src/interrupt_counter_tut_2D_fixed.c'
'Invoking: ARM v7 gcc compiler'
arm-none-eabi-gcc -Wall -O0 -g3 -c -fmessage-length=0 -MT"src/interrupt_counter_tut_2D_fixed.o" -mcpu=cortex-a9 -mfpu=vfpv3 -mfloat-abi=hard -I../../timerinterrupt_bsp/ps7_cortexa9_0/include -MMD -MP -MF"src/interrupt_counter_tut_2D_fixed.d" -MT"src/interrupt_counter_tut_2D_fixed.o" -o "src/interrupt_counter_tut_2D_fixed.o" "../src/interrupt_counter_tut_2D_fixed.c"
In file included from ../src/main_v2.h:9:0,
                 from ../src/interrupt_counter_tut_2D_fixed.c:36:
../src/asciisymbols_v2.h:2:6: error: redefinition of 'ascii_colon'
 char ascii_colon[7][1] = {
      ^
In file included from ../src/interrupt_counter_tut_2D_fixed.c:35:0:
../src/asciisymbols_v2.h:2:6: note: previous definition of 'ascii_colon' was here
 char ascii_colon[7][1] = {
      ^
In file included from ../src/main_v2.h:9:0,
                 from ../src/interrupt_counter_tut_2D_fixed.c:36:
../src/asciisymbols_v2.h:13:6: error: redefinition of 'asciiDigits'
 char asciiDigits[10][7][5] = {
      ^
In file included from ../src/interrupt_counter_tut_2D_fixed.c:35:0:
../src/asciisymbols_v2.h:13:6: note: previous definition of 'asciiDigits' was here
 char asciiDigits[10][7][5] = {
      ^
In file included from ../src/interrupt_counter_tut_2D_fixed.c:36:0:
../src/main_v2.h: In function 'setCharDisplay':
../src/main_v2.h:432:8: warning: unused variable 'outputDigit' [-Wunused-variable]
   char outputDigit[7][5];
        ^
make: *** [src/interrupt_counter_tut_2D_fixed.o] Error 1
10:56:10 **** Auto Build of configuration Debug for project timerinterrupt ****
make pre-build main-build 
a9-linaro-pre-build-step
' '
'Building file: ../src/interrupt_counter_tut_2D_fixed.c'
'Invoking: ARM v7 gcc compiler'
arm-none-eabi-gcc -Wall -O0 -g3 -c -fmessage-length=0 -MT"src/interrupt_counter_tut_2D_fixed.o" -mcpu=cortex-a9 -mfpu=vfpv3 -mfloat-abi=hard -I../../timerinterrupt_bsp/ps7_cortexa9_0/include -MMD -MP -MF"src/interrupt_counter_tut_2D_fixed.d" -MT"src/interrupt_counter_tut_2D_fixed.o" -o "src/interrupt_counter_tut_2D_fixed.o" "../src/interrupt_counter_tut_2D_fixed.c"
In file included from ../src/main_v2.h:9:0,
                 from ../src/interrupt_counter_tut_2D_fixed.c:36:
../src/asciisymbols_v2.h:2:6: error: redefinition of 'ascii_colon2'
 char ascii_colon2[7][1] = {
      ^
In file included from ../src/interrupt_counter_tut_2D_fixed.c:35:0:
../src/asciisymbols_v2.h:2:6: note: previous definition of 'ascii_colon2' was here
 char ascii_colon2[7][1] = {
      ^
In file included from ../src/main_v2.h:9:0,
                 from ../src/interrupt_counter_tut_2D_fixed.c:36:
../src/asciisymbols_v2.h:13:6: error: redefinition of 'asciiDigits2'
 char asciiDigits2[10][7][5] = {
      ^
In file included from ../src/interrupt_counter_tut_2D_fixed.c:35:0:
../src/asciisymbols_v2.h:13:6: note: previous definition of 'asciiDigits2' was here
 char asciiDigits2[10][7][5] = {
      ^
In file included from ../src/interrupt_counter_tut_2D_fixed.c:36:0:
../src/main_v2.h: In function 'setCharDisplay':
../src/main_v2.h:459:32: error: 'asciiDigits' undeclared (first use in this function)
       display[i+offset][j+1] = asciiDigits[digit][j][i];
                                ^
../src/main_v2.h:459:32: note: each undeclared identifier is reported only once for each function it appears in
../src/main_v2.h:432:8: warning: unused variable 'outputDigit' [-Wunused-variable]
   char outputDigit[7][5];
        ^
../src/main_v2.h: In function 'displayColon':
../src/main_v2.h:512:35: error: 'ascii_colon' undeclared (first use in this function)
       display[colon1stPos][i+1] = ascii_colon[i][0];
                                   ^
make: *** [src/interrupt_counter_tut_2D_fixed.o] Error 1
10:57:39 **** Auto Build of configuration Debug for project timerinterrupt ****
make pre-build main-build 
a9-linaro-pre-build-step
' '
'Building file: ../src/interrupt_counter_tut_2D_fixed.c'
'Invoking: ARM v7 gcc compiler'
arm-none-eabi-gcc -Wall -O0 -g3 -c -fmessage-length=0 -MT"src/interrupt_counter_tut_2D_fixed.o" -mcpu=cortex-a9 -mfpu=vfpv3 -mfloat-abi=hard -I../../timerinterrupt_bsp/ps7_cortexa9_0/include -MMD -MP -MF"src/interrupt_counter_tut_2D_fixed.d" -MT"src/interrupt_counter_tut_2D_fixed.o" -o "src/interrupt_counter_tut_2D_fixed.o" "../src/interrupt_counter_tut_2D_fixed.c"
In file included from ../src/main_v2.h:9:0,
                 from ../src/interrupt_counter_tut_2D_fixed.c:36:
../src/asciisymbols_v2.h:2:6: error: redefinition of 'ascii_colon'
 char ascii_colon[7][1] = {
      ^
In file included from ../src/interrupt_counter_tut_2D_fixed.c:35:0:
../src/asciisymbols_v2.h:2:6: note: previous definition of 'ascii_colon' was here
 char ascii_colon[7][1] = {
      ^
In file included from ../src/main_v2.h:9:0,
                 from ../src/interrupt_counter_tut_2D_fixed.c:36:
../src/asciisymbols_v2.h:13:6: error: redefinition of 'asciiDigits'
 char asciiDigits[10][7][5] = {
      ^
In file included from ../src/interrupt_counter_tut_2D_fixed.c:35:0:
../src/asciisymbols_v2.h:13:6: note: previous definition of 'asciiDigits' was here
 char asciiDigits[10][7][5] = {
      ^
In file included from ../src/interrupt_counter_tut_2D_fixed.c:36:0:
../src/main_v2.h: In function 'setCharDisplay':
../src/main_v2.h:432:8: warning: unused variable 'outputDigit' [-Wunused-variable]
   char outputDigit[7][5];
        ^
make: *** [src/interrupt_counter_tut_2D_fixed.o] Error 1
10:57:53 **** Clean-only build of configuration Debug for project timerinterrupt ****
make clean 
rm -rf  ./src/interrupt_counter_tut_2D_fixed.o  ./src/interrupt_counter_tut_2D_fixed.d  timerinterrupt.elf.size  timerinterrupt.elf
' '
10:57:54 **** Auto Build of configuration Debug for project timerinterrupt ****
make pre-build main-build 
a9-linaro-pre-build-step
' '
'Building file: ../src/asciisymbols_v2.c'
'Invoking: ARM v7 gcc compiler'
arm-none-eabi-gcc -Wall -O0 -g3 -c -fmessage-length=0 -MT"src/asciisymbols_v2.o" -mcpu=cortex-a9 -mfpu=vfpv3 -mfloat-abi=hard -I../../timerinterrupt_bsp/ps7_cortexa9_0/include -MMD -MP -MF"src/asciisymbols_v2.d" -MT"src/asciisymbols_v2.o" -o "src/asciisymbols_v2.o" "../src/asciisymbols_v2.c"
'Finished building: ../src/asciisymbols_v2.c'
' '
'Building file: ../src/interrupt_counter_tut_2D_fixed.c'
'Invoking: ARM v7 gcc compiler'
arm-none-eabi-gcc -Wall -O0 -g3 -c -fmessage-length=0 -MT"src/interrupt_counter_tut_2D_fixed.o" -mcpu=cortex-a9 -mfpu=vfpv3 -mfloat-abi=hard -I../../timerinterrupt_bsp/ps7_cortexa9_0/include -MMD -MP -MF"src/interrupt_counter_tut_2D_fixed.d" -MT"src/interrupt_counter_tut_2D_fixed.o" -o "src/interrupt_counter_tut_2D_fixed.o" "../src/interrupt_counter_tut_2D_fixed.c"
In file included from ../src/main_v2.h:10:0,
                 from ../src/interrupt_counter_tut_2D_fixed.c:36:
../src/asciisymbols_v2.c:2:6: error: redefinition of 'ascii_colon'
 char ascii_colon[7][1] = {
      ^
In file included from ../src/interrupt_counter_tut_2D_fixed.c:35:0:
../src/asciisymbols_v2.c:2:6: note: previous definition of 'ascii_colon' was here
 char ascii_colon[7][1] = {
      ^
In file included from ../src/main_v2.h:10:0,
                 from ../src/interrupt_counter_tut_2D_fixed.c:36:
../src/asciisymbols_v2.c:13:6: error: redefinition of 'asciiDigits'
 char asciiDigits[10][7][5] = {
      ^
In file included from ../src/interrupt_counter_tut_2D_fixed.c:35:0:
../src/asciisymbols_v2.c:13:6: note: previous definition of 'asciiDigits' was here
 char asciiDigits[10][7][5] = {
      ^
In file included from ../src/interrupt_counter_tut_2D_fixed.c:36:0:
../src/main_v2.h: In function 'setCharDisplay':
../src/main_v2.h:433:8: warning: unused variable 'outputDigit' [-Wunused-variable]
   char outputDigit[7][5];
        ^
make: *** [src/interrupt_counter_tut_2D_fixed.o] Error 1
10:58:46 **** Auto Build of configuration Debug for project timerinterrupt ****
make pre-build main-build 
a9-linaro-pre-build-step
' '
'Building file: ../src/asciisymbols_v2.c'
'Invoking: ARM v7 gcc compiler'
arm-none-eabi-gcc -Wall -O0 -g3 -c -fmessage-length=0 -MT"src/asciisymbols_v2.o" -mcpu=cortex-a9 -mfpu=vfpv3 -mfloat-abi=hard -I../../timerinterrupt_bsp/ps7_cortexa9_0/include -MMD -MP -MF"src/asciisymbols_v2.d" -MT"src/asciisymbols_v2.o" -o "src/asciisymbols_v2.o" "../src/asciisymbols_v2.c"
'Finished building: ../src/asciisymbols_v2.c'
' '
'Building file: ../src/interrupt_counter_tut_2D_fixed.c'
'Invoking: ARM v7 gcc compiler'
arm-none-eabi-gcc -Wall -O0 -g3 -c -fmessage-length=0 -MT"src/interrupt_counter_tut_2D_fixed.o" -mcpu=cortex-a9 -mfpu=vfpv3 -mfloat-abi=hard -I../../timerinterrupt_bsp/ps7_cortexa9_0/include -MMD -MP -MF"src/interrupt_counter_tut_2D_fixed.d" -MT"src/interrupt_counter_tut_2D_fixed.o" -o "src/interrupt_counter_tut_2D_fixed.o" "../src/interrupt_counter_tut_2D_fixed.c"
In file included from ../src/interrupt_counter_tut_2D_fixed.c:36:0:
../src/main_v2.h: In function 'setCharDisplay':
../src/main_v2.h:460:32: error: 'asciiDigits' undeclared (first use in this function)
       display[i+offset][j+1] = asciiDigits[digit][j][i];
                                ^
../src/main_v2.h:460:32: note: each undeclared identifier is reported only once for each function it appears in
../src/main_v2.h:433:8: warning: unused variable 'outputDigit' [-Wunused-variable]
   char outputDigit[7][5];
        ^
../src/main_v2.h: In function 'displayColon':
../src/main_v2.h:513:35: error: 'ascii_colon' undeclared (first use in this function)
       display[colon1stPos][i+1] = ascii_colon[i][0];
                                   ^
make: *** [src/interrupt_counter_tut_2D_fixed.o] Error 1
10:59:46 **** Auto Build of configuration Debug for project timerinterrupt ****
make pre-build main-build 
a9-linaro-pre-build-step
' '
'Building file: ../src/asciisymbols_v2.c'
'Invoking: ARM v7 gcc compiler'
arm-none-eabi-gcc -Wall -O0 -g3 -c -fmessage-length=0 -MT"src/asciisymbols_v2.o" -mcpu=cortex-a9 -mfpu=vfpv3 -mfloat-abi=hard -I../../timerinterrupt_bsp/ps7_cortexa9_0/include -MMD -MP -MF"src/asciisymbols_v2.d" -MT"src/asciisymbols_v2.o" -o "src/asciisymbols_v2.o" "../src/asciisymbols_v2.c"
'Finished building: ../src/asciisymbols_v2.c'
' '
'Building file: ../src/interrupt_counter_tut_2D_fixed.c'
'Invoking: ARM v7 gcc compiler'
arm-none-eabi-gcc -Wall -O0 -g3 -c -fmessage-length=0 -MT"src/interrupt_counter_tut_2D_fixed.o" -mcpu=cortex-a9 -mfpu=vfpv3 -mfloat-abi=hard -I../../timerinterrupt_bsp/ps7_cortexa9_0/include -MMD -MP -MF"src/interrupt_counter_tut_2D_fixed.d" -MT"src/interrupt_counter_tut_2D_fixed.o" -o "src/interrupt_counter_tut_2D_fixed.o" "../src/interrupt_counter_tut_2D_fixed.c"
In file included from ../src/main_v2.h:10:0,
                 from ../src/interrupt_counter_tut_2D_fixed.c:36:
../src/asciisymbols_v2.c:3:6: error: redefinition of 'ascii_colon'
 char ascii_colon[7][1] = {
      ^
In file included from ../src/interrupt_counter_tut_2D_fixed.c:35:0:
../src/asciisymbols_v2.c:3:6: note: previous definition of 'ascii_colon' was here
 char ascii_colon[7][1] = {
      ^
In file included from ../src/main_v2.h:10:0,
                 from ../src/interrupt_counter_tut_2D_fixed.c:36:
../src/asciisymbols_v2.c:14:6: error: redefinition of 'asciiDigits'
 char asciiDigits[10][7][5] = {
      ^
In file included from ../src/interrupt_counter_tut_2D_fixed.c:35:0:
../src/asciisymbols_v2.c:14:6: note: previous definition of 'asciiDigits' was here
 char asciiDigits[10][7][5] = {
      ^
In file included from ../src/interrupt_counter_tut_2D_fixed.c:36:0:
../src/main_v2.h: In function 'setCharDisplay':
../src/main_v2.h:433:8: warning: unused variable 'outputDigit' [-Wunused-variable]
   char outputDigit[7][5];
        ^
make: *** [src/interrupt_counter_tut_2D_fixed.o] Error 1
11:01:44 **** Auto Build of configuration Debug for project timerinterrupt ****
make pre-build main-build 
a9-linaro-pre-build-step
' '
'Building file: ../src/interrupt_counter_tut_2D_fixed.c'
'Invoking: ARM v7 gcc compiler'
arm-none-eabi-gcc -Wall -O0 -g3 -c -fmessage-length=0 -MT"src/interrupt_counter_tut_2D_fixed.o" -mcpu=cortex-a9 -mfpu=vfpv3 -mfloat-abi=hard -I../../timerinterrupt_bsp/ps7_cortexa9_0/include -MMD -MP -MF"src/interrupt_counter_tut_2D_fixed.d" -MT"src/interrupt_counter_tut_2D_fixed.o" -o "src/interrupt_counter_tut_2D_fixed.o" "../src/interrupt_counter_tut_2D_fixed.c"
In file included from ../src/main_v2.h:10:0,
                 from ../src/interrupt_counter_tut_2D_fixed.c:36:
../src/asciisymbols_v2.c:3:6: error: redefinition of 'ascii_colon'
 char ascii_colon[7][1] = {
      ^
In file included from ../src/interrupt_counter_tut_2D_fixed.c:35:0:
../src/asciisymbols_v2.c:3:6: note: previous definition of 'ascii_colon' was here
 char ascii_colon[7][1] = {
      ^
In file included from ../src/main_v2.h:10:0,
                 from ../src/interrupt_counter_tut_2D_fixed.c:36:
../src/asciisymbols_v2.c:14:6: error: redefinition of 'asciiDigits'
 char asciiDigits[10][7][5] = {
      ^
In file included from ../src/interrupt_counter_tut_2D_fixed.c:35:0:
../src/asciisymbols_v2.c:14:6: note: previous definition of 'asciiDigits' was here
 char asciiDigits[10][7][5] = {
      ^
In file included from ../src/interrupt_counter_tut_2D_fixed.c:36:0:
../src/main_v2.h:70:6: error: redefinition of 'ascii_colon'
 char ascii_colon[7][1] = {
      ^
In file included from ../src/interrupt_counter_tut_2D_fixed.c:35:0:
../src/asciisymbols_v2.c:3:6: note: previous definition of 'ascii_colon' was here
 char ascii_colon[7][1] = {
      ^
In file included from ../src/interrupt_counter_tut_2D_fixed.c:36:0:
../src/main_v2.h:81:6: error: redefinition of 'asciiDigits'
 char asciiDigits[10][7][5] = {
      ^
In file included from ../src/interrupt_counter_tut_2D_fixed.c:35:0:
../src/asciisymbols_v2.c:14:6: note: previous definition of 'asciiDigits' was here
 char asciiDigits[10][7][5] = {
      ^
In file included from ../src/interrupt_counter_tut_2D_fixed.c:36:0:
../src/main_v2.h: In function 'setCharDisplay':
../src/main_v2.h:533:8: warning: unused variable 'outputDigit' [-Wunused-variable]
   char outputDigit[7][5];
        ^
make: *** [src/interrupt_counter_tut_2D_fixed.o] Error 1
11:01:52 **** Auto Build of configuration Debug for project timerinterrupt ****
make pre-build main-build 
a9-linaro-pre-build-step
' '
'Building file: ../src/asciisymbols_v2.c'
'Invoking: ARM v7 gcc compiler'
arm-none-eabi-gcc -Wall -O0 -g3 -c -fmessage-length=0 -MT"src/asciisymbols_v2.o" -mcpu=cortex-a9 -mfpu=vfpv3 -mfloat-abi=hard -I../../timerinterrupt_bsp/ps7_cortexa9_0/include -MMD -MP -MF"src/asciisymbols_v2.d" -MT"src/asciisymbols_v2.o" -o "src/asciisymbols_v2.o" "../src/asciisymbols_v2.c"
'Finished building: ../src/asciisymbols_v2.c'
' '
'Building file: ../src/interrupt_counter_tut_2D_fixed.c'
'Invoking: ARM v7 gcc compiler'
arm-none-eabi-gcc -Wall -O0 -g3 -c -fmessage-length=0 -MT"src/interrupt_counter_tut_2D_fixed.o" -mcpu=cortex-a9 -mfpu=vfpv3 -mfloat-abi=hard -I../../timerinterrupt_bsp/ps7_cortexa9_0/include -MMD -MP -MF"src/interrupt_counter_tut_2D_fixed.d" -MT"src/interrupt_counter_tut_2D_fixed.o" -o "src/interrupt_counter_tut_2D_fixed.o" "../src/interrupt_counter_tut_2D_fixed.c"
In file included from ../src/interrupt_counter_tut_2D_fixed.c:36:0:
../src/main_v2.h: In function 'setCharDisplay':
../src/main_v2.h:533:8: warning: unused variable 'outputDigit' [-Wunused-variable]
   char outputDigit[7][5];
        ^
'Finished building: ../src/interrupt_counter_tut_2D_fixed.c'
' '
'Building target: timerinterrupt.elf'
'Invoking: ARM v7 gcc linker'
arm-none-eabi-gcc -mcpu=cortex-a9 -mfpu=vfpv3 -mfloat-abi=hard -Wl,-build-id=none -specs=Xilinx.spec -Wl,-T -Wl,../src/lscript.ld -L../../timerinterrupt_bsp/ps7_cortexa9_0/lib -o "timerinterrupt.elf"  ./src/asciisymbols_v2.o ./src/interrupt_counter_tut_2D_fixed.o   -Wl,--start-group,-lxil,-lgcc,-lc,--end-group
'Finished building target: timerinterrupt.elf'
' '
'Invoking: ARM v7 Print Size'
arm-none-eabi-size timerinterrupt.elf  |tee "timerinterrupt.elf.size"
   text	   data	    bss	    dec	    hex	filename
  93836	   4604	  23952	 122392	  1de18	timerinterrupt.elf
'Finished building: timerinterrupt.elf.size'
' '
11:02:40 **** Incremental Build of configuration Debug for project edward ****
make pre-build main-build 
a9-linaro-pre-build-step
' '
make: Nothing to be done for `main-build'.
11:02:41 **** Incremental Build of configuration Debug for project timerinterrupt ****
make pre-build main-build 
a9-linaro-pre-build-step
' '
make: Nothing to be done for `main-build'.
11:03:21 **** Incremental Build of configuration Debug for project edward ****
make pre-build main-build 
a9-linaro-pre-build-step
' '
make: Nothing to be done for `main-build'.
11:03:22 **** Incremental Build of configuration Debug for project timerinterrupt ****
make pre-build main-build 
a9-linaro-pre-build-step
' '
make: Nothing to be done for `main-build'.
11:04:22 **** Incremental Build of configuration Debug for project edward ****
make pre-build main-build 
a9-linaro-pre-build-step
' '
make: Nothing to be done for `main-build'.
11:04:22 **** Incremental Build of configuration Debug for project timerinterrupt ****
make pre-build main-build 
a9-linaro-pre-build-step
' '
make: Nothing to be done for `main-build'.
11:09:17 **** Clean-only build of configuration Debug for project timerinterrupt ****
make clean 
rm -rf  ./src/asciisymbols_v2.o ./src/interrupt_counter_tut_2D_fixed.o  ./src/asciisymbols_v2.d ./src/interrupt_counter_tut_2D_fixed.d  timerinterrupt.elf.size  timerinterrupt.elf
' '
11:09:17 **** Auto Build of configuration Debug for project timerinterrupt ****
make pre-build main-build 
a9-linaro-pre-build-step
' '
'Building file: ../src/interrupt_counter_tut_2D_fixed.c'
'Invoking: ARM v7 gcc compiler'
arm-none-eabi-gcc -Wall -O0 -g3 -c -fmessage-length=0 -MT"src/interrupt_counter_tut_2D_fixed.o" -mcpu=cortex-a9 -mfpu=vfpv3 -mfloat-abi=hard -I../../timerinterrupt_bsp/ps7_cortexa9_0/include -MMD -MP -MF"src/interrupt_counter_tut_2D_fixed.d" -MT"src/interrupt_counter_tut_2D_fixed.o" -o "src/interrupt_counter_tut_2D_fixed.o" "../src/interrupt_counter_tut_2D_fixed.c"
../src/interrupt_counter_tut_2D_fixed.c:35:29: fatal error: asciisymbols_v2.c: No such file or directory
compilation terminated.
make: *** [src/interrupt_counter_tut_2D_fixed.o] Error 1
11:09:35 **** Auto Build of configuration Debug for project timerinterrupt ****
make pre-build main-build 
a9-linaro-pre-build-step
' '
'Building file: ../src/interrupt_counter_tut_2D_fixed.c'
'Invoking: ARM v7 gcc compiler'
arm-none-eabi-gcc -Wall -O0 -g3 -c -fmessage-length=0 -MT"src/interrupt_counter_tut_2D_fixed.o" -mcpu=cortex-a9 -mfpu=vfpv3 -mfloat-abi=hard -I../../timerinterrupt_bsp/ps7_cortexa9_0/include -MMD -MP -MF"src/interrupt_counter_tut_2D_fixed.d" -MT"src/interrupt_counter_tut_2D_fixed.o" -o "src/interrupt_counter_tut_2D_fixed.o" "../src/interrupt_counter_tut_2D_fixed.c"
In file included from ../src/interrupt_counter_tut_2D_fixed.c:35:0:
../src/main_v2.h:10:29: fatal error: asciisymbols_v2.c: No such file or directory
compilation terminated.
make: *** [src/interrupt_counter_tut_2D_fixed.o] Error 1
11:11:45 **** Auto Build of configuration Debug for project timerinterrupt ****
make pre-build main-build 
a9-linaro-pre-build-step
' '
'Building file: ../src/interrupt_counter_tut_2D_fixed.c'
'Invoking: ARM v7 gcc compiler'
arm-none-eabi-gcc -Wall -O0 -g3 -c -fmessage-length=0 -MT"src/interrupt_counter_tut_2D_fixed.o" -mcpu=cortex-a9 -mfpu=vfpv3 -mfloat-abi=hard -I../../timerinterrupt_bsp/ps7_cortexa9_0/include -MMD -MP -MF"src/interrupt_counter_tut_2D_fixed.d" -MT"src/interrupt_counter_tut_2D_fixed.o" -o "src/interrupt_counter_tut_2D_fixed.o" "../src/interrupt_counter_tut_2D_fixed.c"
In file included from ../src/interrupt_counter_tut_2D_fixed.c:35:0:
../src/main_v2.h:169:1: warning: "/*" within comment [-Wcomment]
 /*
 ^
'Finished building: ../src/interrupt_counter_tut_2D_fixed.c'
' '
'Building target: timerinterrupt.elf'
'Invoking: ARM v7 gcc linker'
arm-none-eabi-gcc -mcpu=cortex-a9 -mfpu=vfpv3 -mfloat-abi=hard -Wl,-build-id=none -specs=Xilinx.spec -Wl,-T -Wl,../src/lscript.ld -L../../timerinterrupt_bsp/ps7_cortexa9_0/lib -o "timerinterrupt.elf"  ./src/interrupt_counter_tut_2D_fixed.o   -Wl,--start-group,-lxil,-lgcc,-lc,--end-group
'Finished building target: timerinterrupt.elf'
' '
'Invoking: ARM v7 Print Size'
arm-none-eabi-size timerinterrupt.elf  |tee "timerinterrupt.elf.size"
   text	   data	    bss	    dec	    hex	filename
  85772	   4220	  23440	 113432	  1bb18	timerinterrupt.elf
'Finished building: timerinterrupt.elf.size'
' '
11:12:06 **** Incremental Build of configuration Debug for project edward ****
make pre-build main-build 
a9-linaro-pre-build-step
' '
make: Nothing to be done for `main-build'.
11:12:06 **** Incremental Build of configuration Debug for project timerinterrupt ****
make pre-build main-build 
a9-linaro-pre-build-step
' '
make: Nothing to be done for `main-build'.
11:14:19 **** Auto Build of configuration Debug for project timerinterrupt ****
make pre-build main-build 
a9-linaro-pre-build-step
' '
'Building file: ../src/interrupt_counter_tut_2D_fixed.c'
'Invoking: ARM v7 gcc compiler'
arm-none-eabi-gcc -Wall -O0 -g3 -c -fmessage-length=0 -MT"src/interrupt_counter_tut_2D_fixed.o" -mcpu=cortex-a9 -mfpu=vfpv3 -mfloat-abi=hard -I../../timerinterrupt_bsp/ps7_cortexa9_0/include -MMD -MP -MF"src/interrupt_counter_tut_2D_fixed.d" -MT"src/interrupt_counter_tut_2D_fixed.o" -o "src/interrupt_counter_tut_2D_fixed.o" "../src/interrupt_counter_tut_2D_fixed.c"
In file included from ../src/interrupt_counter_tut_2D_fixed.c:35:0:
../src/main_v2.h:1:1: error: unknown type name 'Compile'
 Compile code: gcc -lncurses main.c
 ^
../src/main_v2.h:1:13: error: expected '=', ',', ';', 'asm' or '__attribute__' before ':' token
 Compile code: gcc -lncurses main.c
             ^
In file included from ../src/main_v2.h:4:0,
                 from ../src/interrupt_counter_tut_2D_fixed.c:35:
c:\xilinx\sdk\2016.3\gnu\aarch32\nt\gcc-arm-none-eabi\arm-none-eabi\libc\usr\include\stdlib.h:83:1: error: unknown type name 'div_t'
 div_t _EXFUN(div,(int __numer, int __denom));
 ^
In file included from ../src/interrupt_counter_tut_2D_fixed.c:35:0:
../src/main_v2.h: In function 'setCharDisplay':
../src/main_v2.h:532:8: warning: unused variable 'outputDigit' [-Wunused-variable]
   char outputDigit[7][5];
        ^
make: *** [src/interrupt_counter_tut_2D_fixed.o] Error 1
11:14:23 **** Auto Build of configuration Debug for project timerinterrupt ****
make pre-build main-build 
a9-linaro-pre-build-step
' '
'Building file: ../src/interrupt_counter_tut_2D_fixed.c'
'Invoking: ARM v7 gcc compiler'
arm-none-eabi-gcc -Wall -O0 -g3 -c -fmessage-length=0 -MT"src/interrupt_counter_tut_2D_fixed.o" -mcpu=cortex-a9 -mfpu=vfpv3 -mfloat-abi=hard -I../../timerinterrupt_bsp/ps7_cortexa9_0/include -MMD -MP -MF"src/interrupt_counter_tut_2D_fixed.d" -MT"src/interrupt_counter_tut_2D_fixed.o" -o "src/interrupt_counter_tut_2D_fixed.o" "../src/interrupt_counter_tut_2D_fixed.c"
In file included from ../src/interrupt_counter_tut_2D_fixed.c:35:0:
../src/main_v2.h:1:1: error: unknown type name 'Compile'
 Compile code: gcc -lncurses main.c
 ^
../src/main_v2.h:1:13: error: expected '=', ',', ';', 'asm' or '__attribute__' before ':' token
 Compile code: gcc -lncurses main.c
             ^
In file included from ../src/main_v2.h:4:0,
                 from ../src/interrupt_counter_tut_2D_fixed.c:35:
c:\xilinx\sdk\2016.3\gnu\aarch32\nt\gcc-arm-none-eabi\arm-none-eabi\libc\usr\include\stdlib.h:83:1: error: unknown type name 'div_t'
 div_t _EXFUN(div,(int __numer, int __denom));
 ^
In file included from ../src/interrupt_counter_tut_2D_fixed.c:35:0:
../src/main_v2.h: In function 'setCharDisplay':
../src/main_v2.h:532:8: warning: unused variable 'outputDigit' [-Wunused-variable]
   char outputDigit[7][5];
        ^
make: *** [src/interrupt_counter_tut_2D_fixed.o] Error 1
11:15:15 **** Clean-only build of configuration Debug for project timerinterrupt ****
make clean 
rm -rf  ./src/interrupt_counter_tut_2D_fixed.o  ./src/interrupt_counter_tut_2D_fixed.d  timerinterrupt.elf.size  timerinterrupt.elf
' '
11:15:15 **** Auto Build of configuration Debug for project timerinterrupt ****
make pre-build main-build 
a9-linaro-pre-build-step
' '
'Building file: ../src/interrupt_counter_tut_2D_fixed.c'
'Invoking: ARM v7 gcc compiler'
arm-none-eabi-gcc -Wall -O0 -g3 -c -fmessage-length=0 -MT"src/interrupt_counter_tut_2D_fixed.o" -mcpu=cortex-a9 -mfpu=vfpv3 -mfloat-abi=hard -I../../timerinterrupt_bsp/ps7_cortexa9_0/include -MMD -MP -MF"src/interrupt_counter_tut_2D_fixed.d" -MT"src/interrupt_counter_tut_2D_fixed.o" -o "src/interrupt_counter_tut_2D_fixed.o" "../src/interrupt_counter_tut_2D_fixed.c"
In file included from ../src/interrupt_counter_tut_2D_fixed.c:35:0:
../src/main_v2.c:1:1: error: unknown type name 'Compile'
 Compile code: gcc -lncurses main.c
 ^
../src/main_v2.c:1:13: error: expected '=', ',', ';', 'asm' or '__attribute__' before ':' token
 Compile code: gcc -lncurses main.c
             ^
In file included from ../src/main_v2.c:4:0,
                 from ../src/interrupt_counter_tut_2D_fixed.c:35:
c:\xilinx\sdk\2016.3\gnu\aarch32\nt\gcc-arm-none-eabi\arm-none-eabi\libc\usr\include\stdlib.h:83:1: error: unknown type name 'div_t'
 div_t _EXFUN(div,(int __numer, int __denom));
 ^
In file included from ../src/interrupt_counter_tut_2D_fixed.c:35:0:
../src/main_v2.c: In function 'setCharDisplay':
../src/main_v2.c:532:8: warning: unused variable 'outputDigit' [-Wunused-variable]
   char outputDigit[7][5];
        ^
make: *** [src/interrupt_counter_tut_2D_fixed.o] Error 1
11:18:01 **** Auto Build of configuration Debug for project timerinterrupt ****
make pre-build main-build 
a9-linaro-pre-build-step
' '
'Building file: ../src/interrupt_counter_tut_2D_fixed.c'
'Invoking: ARM v7 gcc compiler'
arm-none-eabi-gcc -Wall -O0 -g3 -c -fmessage-length=0 -MT"src/interrupt_counter_tut_2D_fixed.o" -mcpu=cortex-a9 -mfpu=vfpv3 -mfloat-abi=hard -I../../timerinterrupt_bsp/ps7_cortexa9_0/include -MMD -MP -MF"src/interrupt_counter_tut_2D_fixed.d" -MT"src/interrupt_counter_tut_2D_fixed.o" -o "src/interrupt_counter_tut_2D_fixed.o" "../src/interrupt_counter_tut_2D_fixed.c"
In file included from ../src/interrupt_counter_tut_2D_fixed.c:35:0:
../src/main_v2.c: In function 'setCharDisplay':
../src/main_v2.c:530:8: warning: unused variable 'outputDigit' [-Wunused-variable]
   char outputDigit[7][5];
        ^
'Finished building: ../src/interrupt_counter_tut_2D_fixed.c'
' '
'Building file: ../src/main_v2.c'
'Invoking: ARM v7 gcc compiler'
arm-none-eabi-gcc -Wall -O0 -g3 -c -fmessage-length=0 -MT"src/main_v2.o" -mcpu=cortex-a9 -mfpu=vfpv3 -mfloat-abi=hard -I../../timerinterrupt_bsp/ps7_cortexa9_0/include -MMD -MP -MF"src/main_v2.d" -MT"src/main_v2.o" -o "src/main_v2.o" "../src/main_v2.c"
../src/main_v2.c: In function 'setCharDisplay':
../src/main_v2.c:530:8: warning: unused variable 'outputDigit' [-Wunused-variable]
   char outputDigit[7][5];
        ^
'Finished building: ../src/main_v2.c'
' '
'Building target: timerinterrupt.elf'
'Invoking: ARM v7 gcc linker'
arm-none-eabi-gcc -mcpu=cortex-a9 -mfpu=vfpv3 -mfloat-abi=hard -Wl,-build-id=none -specs=Xilinx.spec -Wl,-T -Wl,../src/lscript.ld -L../../timerinterrupt_bsp/ps7_cortexa9_0/lib -o "timerinterrupt.elf"  ./src/interrupt_counter_tut_2D_fixed.o ./src/main_v2.o   -Wl,--start-group,-lxil,-lgcc,-lc,--end-group
./src/main_v2.o:(.rodata+0x0): multiple definition of `programs'
./src/interrupt_counter_tut_2D_fixed.o:(.rodata+0x0): first defined here
./src/main_v2.o: In function `thismain':
C:\Projects\Casioproject\Casio\project_1\project_1.sdk\timerinterrupt\Debug/../src/main_v2.c:167: multiple definition of `programMode'
./src/interrupt_counter_tut_2D_fixed.o:C:\Projects\Casioproject\Casio\project_1\project_1.sdk\timerinterrupt\Debug/../../timerinterrupt_bsp/ps7_cortexa9_0/include/xil_io.h:152: first defined here
./src/main_v2.o: In function `thismain':
C:\Projects\Casioproject\Casio\project_1\project_1.sdk\timerinterrupt\Debug/../src/main_v2.c:167: multiple definition of `newProgramMode'
./src/interrupt_counter_tut_2D_fixed.o:C:\Projects\Casioproject\Casio\project_1\project_1.sdk\timerinterrupt\Debug/../../timerinterrupt_bsp/ps7_cortexa9_0/include/xil_io.h:152: first defined here
./src/main_v2.o: In function `thismain':
C:\Projects\Casioproject\Casio\project_1\project_1.sdk\timerinterrupt\Debug/../src/main_v2.c:167: multiple definition of `timer'
./src/interrupt_counter_tut_2D_fixed.o:C:\Projects\Casioproject\Casio\project_1\project_1.sdk\timerinterrupt\Debug/../../timerinterrupt_bsp/ps7_cortexa9_0/include/xil_io.h:152: first defined here
./src/main_v2.o: In function `thismain':
C:\Projects\Casioproject\Casio\project_1\project_1.sdk\timerinterrupt\Debug/../src/main_v2.c:167: multiple definition of `seconds'
./src/interrupt_counter_tut_2D_fixed.o:C:\Projects\Casioproject\Casio\project_1\project_1.sdk\timerinterrupt\Debug/../../timerinterrupt_bsp/ps7_cortexa9_0/include/xil_io.h:152: first defined here
./src/main_v2.o: In function `thismain':
C:\Projects\Casioproject\Casio\project_1\project_1.sdk\timerinterrupt\Debug/../src/main_v2.c:169: multiple definition of `minutes'
./src/interrupt_counter_tut_2D_fixed.o:C:\Projects\Casioproject\Casio\project_1\project_1.sdk\timerinterrupt\Debug/../../timerinterrupt_bsp/ps7_cortexa9_0/include/xil_io.h:152: first defined here
./src/main_v2.o: In function `thismain':
C:\Projects\Casioproject\Casio\project_1\project_1.sdk\timerinterrupt\Debug/../src/main_v2.c:169: multiple definition of `hours'
./src/interrupt_counter_tut_2D_fixed.o:C:\Projects\Casioproject\Casio\project_1\project_1.sdk\timerinterrupt\Debug/../../timerinterrupt_bsp/ps7_cortexa9_0/include/xil_io.h:152: first defined here
./src/main_v2.o: In function `thismain':
C:\Projects\Casioproject\Casio\project_1\project_1.sdk\timerinterrupt\Debug/../src/main_v2.c:169: multiple definition of `setTimeMode'
./src/interrupt_counter_tut_2D_fixed.o:C:\Projects\Casioproject\Casio\project_1\project_1.sdk\timerinterrupt\Debug/../../timerinterrupt_bsp/ps7_cortexa9_0/include/xil_io.h:153: first defined here
./src/main_v2.o: In function `thismain':
C:\Projects\Casioproject\Casio\project_1\project_1.sdk\timerinterrupt\Debug/../src/main_v2.c:169: multiple definition of `setHoursMinutesSeconds'
./src/interrupt_counter_tut_2D_fixed.o:C:\Projects\Casioproject\Casio\project_1\project_1.sdk\timerinterrupt\Debug/../../timerinterrupt_bsp/ps7_cortexa9_0/include/xil_io.h:152: first defined here
./src/main_v2.o: In function `thismain':
C:\Projects\Casioproject\Casio\project_1\project_1.sdk\timerinterrupt\Debug/../src/main_v2.c:171: multiple definition of `stopwatchTimer'
./src/interrupt_counter_tut_2D_fixed.o:C:\Projects\Casioproject\Casio\project_1\project_1.sdk\timerinterrupt\Debug/../../timerinterrupt_bsp/ps7_cortexa9_0/include/xil_io.h:153: first defined here
./src/main_v2.o: In function `thismain':
C:\Projects\Casioproject\Casio\project_1\project_1.sdk\timerinterrupt\Debug/../src/main_v2.c:173: multiple definition of `stopwatchSeconds'
./src/interrupt_counter_tut_2D_fixed.o:C:\Projects\Casioproject\Casio\project_1\project_1.sdk\timerinterrupt\Debug/../../timerinterrupt_bsp/ps7_cortexa9_0/include/xil_io.h:154: first defined here
./src/main_v2.o: In function `thismain':
C:\Projects\Casioproject\Casio\project_1\project_1.sdk\timerinterrupt\Debug/../src/main_v2.c:175: multiple definition of `stopwatchMinutes'
./src/interrupt_counter_tut_2D_fixed.o:C:\Projects\Casioproject\Casio\project_1\project_1.sdk\timerinterrupt\Debug/../../timerinterrupt_bsp/ps7_cortexa9_0/include/xil_io.h:154: first defined here
./src/main_v2.o: In function `thismain':
C:\Projects\Casioproject\Casio\project_1\project_1.sdk\timerinterrupt\Debug/../src/main_v2.c:177: multiple definition of `stopwatchHours'
./src/interrupt_counter_tut_2D_fixed.o:C:\Projects\Casioproject\Casio\project_1\project_1.sdk\timerinterrupt\Debug/../../timerinterrupt_bsp/ps7_cortexa9_0/include/xil_io.h:154: first defined here
./src/main_v2.o: In function `thismain':
C:\Projects\Casioproject\Casio\project_1\project_1.sdk\timerinterrupt\Debug/../src/main_v2.c:179: multiple definition of `stopwatchLapping'
./src/interrupt_counter_tut_2D_fixed.o:C:\Projects\Casioproject\Casio\project_1\project_1.sdk\timerinterrupt\Debug/../../timerinterrupt_bsp/ps7_cortexa9_0/include/xil_io.h:154: first defined here
./src/main_v2.o: In function `thismain':
C:\Projects\Casioproject\Casio\project_1\project_1.sdk\timerinterrupt\Debug/../src/main_v2.c:181: multiple definition of `stopwatchCounting'
./src/interrupt_counter_tut_2D_fixed.o:C:\Projects\Casioproject\Casio\project_1\project_1.sdk\timerinterrupt\Debug/../../timerinterrupt_bsp/ps7_cortexa9_0/include/xil_io.h:234: first defined here
./src/main_v2.o: In function `thismain':
C:\Projects\Casioproject\Casio\project_1\project_1.sdk\timerinterrupt\Debug/../src/main_v2.c:183: multiple definition of `alarmTime'
./src/interrupt_counter_tut_2D_fixed.o:C:\Projects\Casioproject\Casio\project_1\project_1.sdk\timerinterrupt\Debug/../../timerinterrupt_bsp/ps7_cortexa9_0/include/xil_io.h:234: first defined here
./src/main_v2.o: In function `thismain':
C:\Projects\Casioproject\Casio\project_1\project_1.sdk\timerinterrupt\Debug/../src/main_v2.c:185: multiple definition of `alarmMinutes'
./src/interrupt_counter_tut_2D_fixed.o:C:\Projects\Casioproject\Casio\project_1\project_1.sdk\timerinterrupt\Debug/../../timerinterrupt_bsp/ps7_cortexa9_0/include/xil_io.h:234: first defined here
./src/main_v2.o: In function `thismain':
C:\Projects\Casioproject\Casio\project_1\project_1.sdk\timerinterrupt\Debug/../src/main_v2.c:185: multiple definition of `alarmHours'
./src/interrupt_counter_tut_2D_fixed.o:C:\Projects\Casioproject\Casio\project_1\project_1.sdk\timerinterrupt\Debug/../../timerinterrupt_bsp/ps7_cortexa9_0/include/xil_io.h:234: first defined here
./src/main_v2.o: In function `thismain':
C:\Projects\Casioproject\Casio\project_1\project_1.sdk\timerinterrupt\Debug/../src/main_v2.c:187: multiple definition of `alarmSet'
./src/interrupt_counter_tut_2D_fixed.o:C:\Projects\Casioproject\Casio\project_1\project_1.sdk\timerinterrupt\Debug/../../timerinterrupt_bsp/ps7_cortexa9_0/include/xil_io.h:234: first defined here
./src/main_v2.o: In function `thismain':
C:\Projects\Casioproject\Casio\project_1\project_1.sdk\timerinterrupt\Debug/../src/main_v2.c:187: multiple definition of `setAlarm'
./src/interrupt_counter_tut_2D_fixed.o:C:\Projects\Casioproject\Casio\project_1\project_1.sdk\timerinterrupt\Debug/../../timerinterrupt_bsp/ps7_cortexa9_0/include/xil_io.h:235: first defined here
./src/main_v2.o: In function `thismain':
C:\Projects\Casioproject\Casio\project_1\project_1.sdk\timerinterrupt\Debug/../src/main_v2.c:189: multiple definition of `setAlarmMode'
./src/interrupt_counter_tut_2D_fixed.o:C:\Projects\Casioproject\Casio\project_1\project_1.sdk\timerinterrupt\Debug/../../timerinterrupt_bsp/ps7_cortexa9_0/include/xil_io.h:235: first defined here
./src/main_v2.o: In function `thismain':
C:\Projects\Casioproject\Casio\project_1\project_1.sdk\timerinterrupt\Debug/../src/main_v2.c:191: multiple definition of `alarming'
./src/interrupt_counter_tut_2D_fixed.o:C:\Projects\Casioproject\Casio\project_1\project_1.sdk\timerinterrupt\Debug/../../timerinterrupt_bsp/ps7_cortexa9_0/include/xil_io.h:236: first defined here
./src/main_v2.o: In function `thismain':
C:\Projects\Casioproject\Casio\project_1\project_1.sdk\timerinterrupt\Debug/../src/main_v2.c:169: multiple definition of `displayHeight'
./src/interrupt_counter_tut_2D_fixed.o:C:\Projects\Casioproject\Casio\project_1\project_1.sdk\timerinterrupt\Debug/../../timerinterrupt_bsp/ps7_cortexa9_0/include/xil_io.h:152: first defined here
./src/main_v2.o: In function `thismain':
C:\Projects\Casioproject\Casio\project_1\project_1.sdk\timerinterrupt\Debug/../src/main_v2.c:169: multiple definition of `displayWidth'
./src/interrupt_counter_tut_2D_fixed.o:C:\Projects\Casioproject\Casio\project_1\project_1.sdk\timerinterrupt\Debug/../../timerinterrupt_bsp/ps7_cortexa9_0/include/xil_io.h:153: first defined here
./src/main_v2.o: In function `thismain':
C:\Projects\Casioproject\Casio\project_1\project_1.sdk\timerinterrupt\Debug/../src/main_v2.c:191: multiple definition of `displayInvert'
./src/interrupt_counter_tut_2D_fixed.o:C:\Projects\Casioproject\Casio\project_1\project_1.sdk\timerinterrupt\Debug/../../timerinterrupt_bsp/ps7_cortexa9_0/include/xil_io.h:236: first defined here
./src/main_v2.o: In function `thismain':
C:\Projects\Casioproject\Casio\project_1\project_1.sdk\timerinterrupt\Debug/../src/main_v2.c:171: multiple definition of `toggleColon'
./src/interrupt_counter_tut_2D_fixed.o:C:\Projects\Casioproject\Casio\project_1\project_1.sdk\timerinterrupt\Debug/../../timerinterrupt_bsp/ps7_cortexa9_0/include/xil_io.h:153: first defined here
./src/main_v2.o: In function `thismain':
C:\Projects\Casioproject\Casio\project_1\project_1.sdk\timerinterrupt\Debug/../src/main_v2.c:173: multiple definition of `ascii_colon'
./src/interrupt_counter_tut_2D_fixed.o:C:\Projects\Casioproject\Casio\project_1\project_1.sdk\timerinterrupt\Debug/../../timerinterrupt_bsp/ps7_cortexa9_0/include/xil_io.h:154: first defined here
./src/main_v2.o: In function `thismain':
C:\Projects\Casioproject\Casio\project_1\project_1.sdk\timerinterrupt\Debug/../src/main_v2.c:177: multiple definition of `asciiDigits'
./src/interrupt_counter_tut_2D_fixed.o:C:\Projects\Casioproject\Casio\project_1\project_1.sdk\timerinterrupt\Debug/../../timerinterrupt_bsp/ps7_cortexa9_0/include/xil_io.h:154: first defined here
./src/main_v2.o: In function `thismain':
C:\Projects\Casioproject\Casio\project_1\project_1.sdk\timerinterrupt\Debug/../src/main_v2.c:167: multiple definition of `thismain'
./src/interrupt_counter_tut_2D_fixed.o:C:\Projects\Casioproject\Casio\project_1\project_1.sdk\timerinterrupt\Debug/../src/main_v2.c:167: first defined here
./src/main_v2.o: In function `introduction':
C:\Projects\Casioproject\Casio\project_1\project_1.sdk\timerinterrupt\Debug/../src/main_v2.c:629: multiple definition of `introduction'
./src/interrupt_counter_tut_2D_fixed.o:C:\Projects\Casioproject\Casio\project_1\project_1.sdk\timerinterrupt\Debug/../src/main_v2.c:629: first defined here
./src/main_v2.o: In function `initDisplay':
C:\Projects\Casioproject\Casio\project_1\project_1.sdk\timerinterrupt\Debug/../src/main_v2.c:616: multiple definition of `initDisplay'
./src/interrupt_counter_tut_2D_fixed.o:C:\Projects\Casioproject\Casio\project_1\project_1.sdk\timerinterrupt\Debug/../src/main_v2.c:616: first defined here
./src/main_v2.o: In function `updateDisplay':
C:\Projects\Casioproject\Casio\project_1\project_1.sdk\timerinterrupt\Debug/../src/main_v2.c:384: multiple definition of `updateDisplay'
./src/interrupt_counter_tut_2D_fixed.o:C:\Projects\Casioproject\Casio\project_1\project_1.sdk\timerinterrupt\Debug/../src/main_v2.c:384: first defined here
./src/main_v2.o: In function `timeInterrupt':
C:\Projects\Casioproject\Casio\project_1\project_1.sdk\timerinterrupt\Debug/../src/main_v2.c:230: multiple definition of `timeInterrupt'
./src/interrupt_counter_tut_2D_fixed.o:C:\Projects\Casioproject\Casio\project_1\project_1.sdk\timerinterrupt\Debug/../src/main_v2.c:230: first defined here
./src/main_v2.o: In function `buttonInterrupt':
C:\Projects\Casioproject\Casio\project_1\project_1.sdk\timerinterrupt\Debug/../src/main_v2.c:193: multiple definition of `buttonInterrupt'
./src/interrupt_counter_tut_2D_fixed.o:C:\Projects\Casioproject\Casio\project_1\project_1.sdk\timerinterrupt\Debug/../src/main_v2.c:193: first defined here
./src/main_v2.o: In function `updateProgram':
C:\Projects\Casioproject\Casio\project_1\project_1.sdk\timerinterrupt\Debug/../src/main_v2.c:277: multiple definition of `updateProgram'
./src/interrupt_counter_tut_2D_fixed.o:C:\Projects\Casioproject\Casio\project_1\project_1.sdk\timerinterrupt\Debug/../src/main_v2.c:277: first defined here
./src/main_v2.o: In function `clearDisplay':
C:\Projects\Casioproject\Casio\project_1\project_1.sdk\timerinterrupt\Debug/../src/main_v2.c:563: multiple definition of `clearDisplay'
./src/interrupt_counter_tut_2D_fixed.o:C:\Projects\Casioproject\Casio\project_1\project_1.sdk\timerinterrupt\Debug/../src/main_v2.c:563: first defined here
./src/main_v2.o: In function `setCharDisplay':
C:\Projects\Casioproject\Casio\project_1\project_1.sdk\timerinterrupt\Debug/../src/main_v2.c:527: multiple definition of `setCharDisplay'
./src/interrupt_counter_tut_2D_fixed.o:C:\Projects\Casioproject\Casio\project_1\project_1.sdk\timerinterrupt\Debug/../src/main_v2.c:527: first defined here
./src/main_v2.o: In function `displayColon':
C:\Projects\Casioproject\Casio\project_1\project_1.sdk\timerinterrupt\Debug/../src/main_v2.c:597: multiple definition of `displayColon'
./src/interrupt_counter_tut_2D_fixed.o:C:\Projects\Casioproject\Casio\project_1\project_1.sdk\timerinterrupt\Debug/../src/main_v2.c:597: first defined here
./src/main_v2.o: In function `clearHours':
C:\Projects\Casioproject\Casio\project_1\project_1.sdk\timerinterrupt\Debug/../src/main_v2.c:573: multiple definition of `clearHours'
./src/interrupt_counter_tut_2D_fixed.o:C:\Projects\Casioproject\Casio\project_1\project_1.sdk\timerinterrupt\Debug/../src/main_v2.c:573: first defined here
./src/main_v2.o: In function `clearMinutes':
C:\Projects\Casioproject\Casio\project_1\project_1.sdk\timerinterrupt\Debug/../src/main_v2.c:581: multiple definition of `clearMinutes'
./src/interrupt_counter_tut_2D_fixed.o:C:\Projects\Casioproject\Casio\project_1\project_1.sdk\timerinterrupt\Debug/../src/main_v2.c:581: first defined here
./src/main_v2.o: In function `clearSeconds':
C:\Projects\Casioproject\Casio\project_1\project_1.sdk\timerinterrupt\Debug/../src/main_v2.c:589: multiple definition of `clearSeconds'
./src/interrupt_counter_tut_2D_fixed.o:C:\Projects\Casioproject\Casio\project_1\project_1.sdk\timerinterrupt\Debug/../src/main_v2.c:589: first defined here
./src/main_v2.o: In function `printDisplay':
C:\Projects\Casioproject\Casio\project_1\project_1.sdk\timerinterrupt\Debug/../src/main_v2.c:507: multiple definition of `printDisplay'
./src/interrupt_counter_tut_2D_fixed.o:C:\Projects\Casioproject\Casio\project_1\project_1.sdk\timerinterrupt\Debug/../src/main_v2.c:507: first defined here
collect2.exe: error: ld returned 1 exit status
make: *** [timerinterrupt.elf] Error 1
11:22:04 **** Auto Build of configuration Debug for project timerinterrupt ****
make pre-build main-build 
a9-linaro-pre-build-step
' '
'Building file: ../src/interrupt_counter_tut_2D_fixed.c'
'Invoking: ARM v7 gcc compiler'
arm-none-eabi-gcc -Wall -O0 -g3 -c -fmessage-length=0 -MT"src/interrupt_counter_tut_2D_fixed.o" -mcpu=cortex-a9 -mfpu=vfpv3 -mfloat-abi=hard -I../../timerinterrupt_bsp/ps7_cortexa9_0/include -MMD -MP -MF"src/interrupt_counter_tut_2D_fixed.d" -MT"src/interrupt_counter_tut_2D_fixed.o" -o "src/interrupt_counter_tut_2D_fixed.o" "../src/interrupt_counter_tut_2D_fixed.c"
In file included from ../src/interrupt_counter_tut_2D_fixed.c:35:0:
../src/main_v2.c: In function 'setCharDisplay':
../src/main_v2.c:530:8: warning: unused variable 'outputDigit' [-Wunused-variable]
   char outputDigit[7][5];
        ^
'Finished building: ../src/interrupt_counter_tut_2D_fixed.c'
' '
'Building target: timerinterrupt.elf'
'Invoking: ARM v7 gcc linker'
arm-none-eabi-gcc -mcpu=cortex-a9 -mfpu=vfpv3 -mfloat-abi=hard -Wl,-build-id=none -specs=Xilinx.spec -Wl,-T -Wl,../src/lscript.ld -L../../timerinterrupt_bsp/ps7_cortexa9_0/lib -o "timerinterrupt.elf"  ./src/interrupt_counter_tut_2D_fixed.o ./src/main_v2.o   -Wl,--start-group,-lxil,-lgcc,-lc,--end-group
./src/main_v2.o:(.rodata+0x0): multiple definition of `programs'
./src/interrupt_counter_tut_2D_fixed.o:(.rodata+0x0): first defined here
./src/main_v2.o: In function `thismain':
C:\Projects\Casioproject\Casio\project_1\project_1.sdk\timerinterrupt\Debug/../src/main_v2.c:167: multiple definition of `programMode'
./src/interrupt_counter_tut_2D_fixed.o:C:\Projects\Casioproject\Casio\project_1\project_1.sdk\timerinterrupt\Debug/../../timerinterrupt_bsp/ps7_cortexa9_0/include/xil_io.h:152: first defined here
./src/main_v2.o: In function `thismain':
C:\Projects\Casioproject\Casio\project_1\project_1.sdk\timerinterrupt\Debug/../src/main_v2.c:167: multiple definition of `newProgramMode'
./src/interrupt_counter_tut_2D_fixed.o:C:\Projects\Casioproject\Casio\project_1\project_1.sdk\timerinterrupt\Debug/../../timerinterrupt_bsp/ps7_cortexa9_0/include/xil_io.h:152: first defined here
./src/main_v2.o: In function `thismain':
C:\Projects\Casioproject\Casio\project_1\project_1.sdk\timerinterrupt\Debug/../src/main_v2.c:167: multiple definition of `timer'
./src/interrupt_counter_tut_2D_fixed.o:C:\Projects\Casioproject\Casio\project_1\project_1.sdk\timerinterrupt\Debug/../../timerinterrupt_bsp/ps7_cortexa9_0/include/xil_io.h:152: first defined here
./src/main_v2.o: In function `thismain':
C:\Projects\Casioproject\Casio\project_1\project_1.sdk\timerinterrupt\Debug/../src/main_v2.c:167: multiple definition of `seconds'
./src/interrupt_counter_tut_2D_fixed.o:C:\Projects\Casioproject\Casio\project_1\project_1.sdk\timerinterrupt\Debug/../../timerinterrupt_bsp/ps7_cortexa9_0/include/xil_io.h:152: first defined here
./src/main_v2.o: In function `thismain':
C:\Projects\Casioproject\Casio\project_1\project_1.sdk\timerinterrupt\Debug/../src/main_v2.c:169: multiple definition of `minutes'
./src/interrupt_counter_tut_2D_fixed.o:C:\Projects\Casioproject\Casio\project_1\project_1.sdk\timerinterrupt\Debug/../../timerinterrupt_bsp/ps7_cortexa9_0/include/xil_io.h:152: first defined here
./src/main_v2.o: In function `thismain':
C:\Projects\Casioproject\Casio\project_1\project_1.sdk\timerinterrupt\Debug/../src/main_v2.c:169: multiple definition of `hours'
./src/interrupt_counter_tut_2D_fixed.o:C:\Projects\Casioproject\Casio\project_1\project_1.sdk\timerinterrupt\Debug/../../timerinterrupt_bsp/ps7_cortexa9_0/include/xil_io.h:152: first defined here
./src/main_v2.o: In function `thismain':
C:\Projects\Casioproject\Casio\project_1\project_1.sdk\timerinterrupt\Debug/../src/main_v2.c:169: multiple definition of `setTimeMode'
./src/interrupt_counter_tut_2D_fixed.o:C:\Projects\Casioproject\Casio\project_1\project_1.sdk\timerinterrupt\Debug/../../timerinterrupt_bsp/ps7_cortexa9_0/include/xil_io.h:153: first defined here
./src/main_v2.o: In function `thismain':
C:\Projects\Casioproject\Casio\project_1\project_1.sdk\timerinterrupt\Debug/../src/main_v2.c:169: multiple definition of `setHoursMinutesSeconds'
./src/interrupt_counter_tut_2D_fixed.o:C:\Projects\Casioproject\Casio\project_1\project_1.sdk\timerinterrupt\Debug/../../timerinterrupt_bsp/ps7_cortexa9_0/include/xil_io.h:152: first defined here
./src/main_v2.o: In function `thismain':
C:\Projects\Casioproject\Casio\project_1\project_1.sdk\timerinterrupt\Debug/../src/main_v2.c:171: multiple definition of `stopwatchTimer'
./src/interrupt_counter_tut_2D_fixed.o:C:\Projects\Casioproject\Casio\project_1\project_1.sdk\timerinterrupt\Debug/../../timerinterrupt_bsp/ps7_cortexa9_0/include/xil_io.h:153: first defined here
./src/main_v2.o: In function `thismain':
C:\Projects\Casioproject\Casio\project_1\project_1.sdk\timerinterrupt\Debug/../src/main_v2.c:173: multiple definition of `stopwatchSeconds'
./src/interrupt_counter_tut_2D_fixed.o:C:\Projects\Casioproject\Casio\project_1\project_1.sdk\timerinterrupt\Debug/../../timerinterrupt_bsp/ps7_cortexa9_0/include/xil_io.h:154: first defined here
./src/main_v2.o: In function `thismain':
C:\Projects\Casioproject\Casio\project_1\project_1.sdk\timerinterrupt\Debug/../src/main_v2.c:175: multiple definition of `stopwatchMinutes'
./src/interrupt_counter_tut_2D_fixed.o:C:\Projects\Casioproject\Casio\project_1\project_1.sdk\timerinterrupt\Debug/../../timerinterrupt_bsp/ps7_cortexa9_0/include/xil_io.h:154: first defined here
./src/main_v2.o: In function `thismain':
C:\Projects\Casioproject\Casio\project_1\project_1.sdk\timerinterrupt\Debug/../src/main_v2.c:177: multiple definition of `stopwatchHours'
./src/interrupt_counter_tut_2D_fixed.o:C:\Projects\Casioproject\Casio\project_1\project_1.sdk\timerinterrupt\Debug/../../timerinterrupt_bsp/ps7_cortexa9_0/include/xil_io.h:154: first defined here
./src/main_v2.o: In function `thismain':
C:\Projects\Casioproject\Casio\project_1\project_1.sdk\timerinterrupt\Debug/../src/main_v2.c:179: multiple definition of `stopwatchLapping'
./src/interrupt_counter_tut_2D_fixed.o:C:\Projects\Casioproject\Casio\project_1\project_1.sdk\timerinterrupt\Debug/../../timerinterrupt_bsp/ps7_cortexa9_0/include/xil_io.h:154: first defined here
./src/main_v2.o: In function `thismain':
C:\Projects\Casioproject\Casio\project_1\project_1.sdk\timerinterrupt\Debug/../src/main_v2.c:181: multiple definition of `stopwatchCounting'
./src/interrupt_counter_tut_2D_fixed.o:C:\Projects\Casioproject\Casio\project_1\project_1.sdk\timerinterrupt\Debug/../../timerinterrupt_bsp/ps7_cortexa9_0/include/xil_io.h:234: first defined here
./src/main_v2.o: In function `thismain':
C:\Projects\Casioproject\Casio\project_1\project_1.sdk\timerinterrupt\Debug/../src/main_v2.c:183: multiple definition of `alarmTime'
./src/interrupt_counter_tut_2D_fixed.o:C:\Projects\Casioproject\Casio\project_1\project_1.sdk\timerinterrupt\Debug/../../timerinterrupt_bsp/ps7_cortexa9_0/include/xil_io.h:234: first defined here
./src/main_v2.o: In function `thismain':
C:\Projects\Casioproject\Casio\project_1\project_1.sdk\timerinterrupt\Debug/../src/main_v2.c:185: multiple definition of `alarmMinutes'
./src/interrupt_counter_tut_2D_fixed.o:C:\Projects\Casioproject\Casio\project_1\project_1.sdk\timerinterrupt\Debug/../../timerinterrupt_bsp/ps7_cortexa9_0/include/xil_io.h:234: first defined here
./src/main_v2.o: In function `thismain':
C:\Projects\Casioproject\Casio\project_1\project_1.sdk\timerinterrupt\Debug/../src/main_v2.c:185: multiple definition of `alarmHours'
./src/interrupt_counter_tut_2D_fixed.o:C:\Projects\Casioproject\Casio\project_1\project_1.sdk\timerinterrupt\Debug/../../timerinterrupt_bsp/ps7_cortexa9_0/include/xil_io.h:234: first defined here
./src/main_v2.o: In function `thismain':
C:\Projects\Casioproject\Casio\project_1\project_1.sdk\timerinterrupt\Debug/../src/main_v2.c:187: multiple definition of `alarmSet'
./src/interrupt_counter_tut_2D_fixed.o:C:\Projects\Casioproject\Casio\project_1\project_1.sdk\timerinterrupt\Debug/../../timerinterrupt_bsp/ps7_cortexa9_0/include/xil_io.h:234: first defined here
./src/main_v2.o: In function `thismain':
C:\Projects\Casioproject\Casio\project_1\project_1.sdk\timerinterrupt\Debug/../src/main_v2.c:187: multiple definition of `setAlarm'
./src/interrupt_counter_tut_2D_fixed.o:C:\Projects\Casioproject\Casio\project_1\project_1.sdk\timerinterrupt\Debug/../../timerinterrupt_bsp/ps7_cortexa9_0/include/xil_io.h:235: first defined here
./src/main_v2.o: In function `thismain':
C:\Projects\Casioproject\Casio\project_1\project_1.sdk\timerinterrupt\Debug/../src/main_v2.c:189: multiple definition of `setAlarmMode'
./src/interrupt_counter_tut_2D_fixed.o:C:\Projects\Casioproject\Casio\project_1\project_1.sdk\timerinterrupt\Debug/../../timerinterrupt_bsp/ps7_cortexa9_0/include/xil_io.h:235: first defined here
./src/main_v2.o: In function `thismain':
C:\Projects\Casioproject\Casio\project_1\project_1.sdk\timerinterrupt\Debug/../src/main_v2.c:191: multiple definition of `alarming'
./src/interrupt_counter_tut_2D_fixed.o:C:\Projects\Casioproject\Casio\project_1\project_1.sdk\timerinterrupt\Debug/../../timerinterrupt_bsp/ps7_cortexa9_0/include/xil_io.h:236: first defined here
./src/main_v2.o: In function `thismain':
C:\Projects\Casioproject\Casio\project_1\project_1.sdk\timerinterrupt\Debug/../src/main_v2.c:169: multiple definition of `displayHeight'
./src/interrupt_counter_tut_2D_fixed.o:C:\Projects\Casioproject\Casio\project_1\project_1.sdk\timerinterrupt\Debug/../../timerinterrupt_bsp/ps7_cortexa9_0/include/xil_io.h:152: first defined here
./src/main_v2.o: In function `thismain':
C:\Projects\Casioproject\Casio\project_1\project_1.sdk\timerinterrupt\Debug/../src/main_v2.c:169: multiple definition of `displayWidth'
./src/interrupt_counter_tut_2D_fixed.o:C:\Projects\Casioproject\Casio\project_1\project_1.sdk\timerinterrupt\Debug/../../timerinterrupt_bsp/ps7_cortexa9_0/include/xil_io.h:153: first defined here
./src/main_v2.o: In function `thismain':
C:\Projects\Casioproject\Casio\project_1\project_1.sdk\timerinterrupt\Debug/../src/main_v2.c:191: multiple definition of `displayInvert'
./src/interrupt_counter_tut_2D_fixed.o:C:\Projects\Casioproject\Casio\project_1\project_1.sdk\timerinterrupt\Debug/../../timerinterrupt_bsp/ps7_cortexa9_0/include/xil_io.h:236: first defined here
./src/main_v2.o: In function `thismain':
C:\Projects\Casioproject\Casio\project_1\project_1.sdk\timerinterrupt\Debug/../src/main_v2.c:171: multiple definition of `toggleColon'
./src/interrupt_counter_tut_2D_fixed.o:C:\Projects\Casioproject\Casio\project_1\project_1.sdk\timerinterrupt\Debug/../../timerinterrupt_bsp/ps7_cortexa9_0/include/xil_io.h:153: first defined here
./src/main_v2.o: In function `thismain':
C:\Projects\Casioproject\Casio\project_1\project_1.sdk\timerinterrupt\Debug/../src/main_v2.c:173: multiple definition of `ascii_colon'
./src/interrupt_counter_tut_2D_fixed.o:C:\Projects\Casioproject\Casio\project_1\project_1.sdk\timerinterrupt\Debug/../../timerinterrupt_bsp/ps7_cortexa9_0/include/xil_io.h:154: first defined here
./src/main_v2.o: In function `thismain':
C:\Projects\Casioproject\Casio\project_1\project_1.sdk\timerinterrupt\Debug/../src/main_v2.c:177: multiple definition of `asciiDigits'
./src/interrupt_counter_tut_2D_fixed.o:C:\Projects\Casioproject\Casio\project_1\project_1.sdk\timerinterrupt\Debug/../../timerinterrupt_bsp/ps7_cortexa9_0/include/xil_io.h:154: first defined here
./src/main_v2.o: In function `thismain':
C:\Projects\Casioproject\Casio\project_1\project_1.sdk\timerinterrupt\Debug/../src/main_v2.c:167: multiple definition of `thismain'
./src/interrupt_counter_tut_2D_fixed.o:C:\Projects\Casioproject\Casio\project_1\project_1.sdk\timerinterrupt\Debug/../src/main_v2.c:167: first defined here
./src/main_v2.o: In function `introduction':
C:\Projects\Casioproject\Casio\project_1\project_1.sdk\timerinterrupt\Debug/../src/main_v2.c:629: multiple definition of `introduction'
./src/interrupt_counter_tut_2D_fixed.o:C:\Projects\Casioproject\Casio\project_1\project_1.sdk\timerinterrupt\Debug/../src/main_v2.c:629: first defined here
./src/main_v2.o: In function `initDisplay':
C:\Projects\Casioproject\Casio\project_1\project_1.sdk\timerinterrupt\Debug/../src/main_v2.c:616: multiple definition of `initDisplay'
./src/interrupt_counter_tut_2D_fixed.o:C:\Projects\Casioproject\Casio\project_1\project_1.sdk\timerinterrupt\Debug/../src/main_v2.c:616: first defined here
./src/main_v2.o: In function `updateDisplay':
C:\Projects\Casioproject\Casio\project_1\project_1.sdk\timerinterrupt\Debug/../src/main_v2.c:384: multiple definition of `updateDisplay'
./src/interrupt_counter_tut_2D_fixed.o:C:\Projects\Casioproject\Casio\project_1\project_1.sdk\timerinterrupt\Debug/../src/main_v2.c:384: first defined here
./src/main_v2.o: In function `timeInterrupt':
C:\Projects\Casioproject\Casio\project_1\project_1.sdk\timerinterrupt\Debug/../src/main_v2.c:230: multiple definition of `timeInterrupt'
./src/interrupt_counter_tut_2D_fixed.o:C:\Projects\Casioproject\Casio\project_1\project_1.sdk\timerinterrupt\Debug/../src/main_v2.c:230: first defined here
./src/main_v2.o: In function `buttonInterrupt':
C:\Projects\Casioproject\Casio\project_1\project_1.sdk\timerinterrupt\Debug/../src/main_v2.c:193: multiple definition of `buttonInterrupt'
./src/interrupt_counter_tut_2D_fixed.o:C:\Projects\Casioproject\Casio\project_1\project_1.sdk\timerinterrupt\Debug/../src/main_v2.c:193: first defined here
./src/main_v2.o: In function `updateProgram':
C:\Projects\Casioproject\Casio\project_1\project_1.sdk\timerinterrupt\Debug/../src/main_v2.c:277: multiple definition of `updateProgram'
./src/interrupt_counter_tut_2D_fixed.o:C:\Projects\Casioproject\Casio\project_1\project_1.sdk\timerinterrupt\Debug/../src/main_v2.c:277: first defined here
./src/main_v2.o: In function `clearDisplay':
C:\Projects\Casioproject\Casio\project_1\project_1.sdk\timerinterrupt\Debug/../src/main_v2.c:563: multiple definition of `clearDisplay'
./src/interrupt_counter_tut_2D_fixed.o:C:\Projects\Casioproject\Casio\project_1\project_1.sdk\timerinterrupt\Debug/../src/main_v2.c:563: first defined here
./src/main_v2.o: In function `setCharDisplay':
C:\Projects\Casioproject\Casio\project_1\project_1.sdk\timerinterrupt\Debug/../src/main_v2.c:527: multiple definition of `setCharDisplay'
./src/interrupt_counter_tut_2D_fixed.o:C:\Projects\Casioproject\Casio\project_1\project_1.sdk\timerinterrupt\Debug/../src/main_v2.c:527: first defined here
./src/main_v2.o: In function `displayColon':
C:\Projects\Casioproject\Casio\project_1\project_1.sdk\timerinterrupt\Debug/../src/main_v2.c:597: multiple definition of `displayColon'
./src/interrupt_counter_tut_2D_fixed.o:C:\Projects\Casioproject\Casio\project_1\project_1.sdk\timerinterrupt\Debug/../src/main_v2.c:597: first defined here
./src/main_v2.o: In function `clearHours':
C:\Projects\Casioproject\Casio\project_1\project_1.sdk\timerinterrupt\Debug/../src/main_v2.c:573: multiple definition of `clearHours'
./src/interrupt_counter_tut_2D_fixed.o:C:\Projects\Casioproject\Casio\project_1\project_1.sdk\timerinterrupt\Debug/../src/main_v2.c:573: first defined here
./src/main_v2.o: In function `clearMinutes':
C:\Projects\Casioproject\Casio\project_1\project_1.sdk\timerinterrupt\Debug/../src/main_v2.c:581: multiple definition of `clearMinutes'
./src/interrupt_counter_tut_2D_fixed.o:C:\Projects\Casioproject\Casio\project_1\project_1.sdk\timerinterrupt\Debug/../src/main_v2.c:581: first defined here
./src/main_v2.o: In function `clearSeconds':
C:\Projects\Casioproject\Casio\project_1\project_1.sdk\timerinterrupt\Debug/../src/main_v2.c:589: multiple definition of `clearSeconds'
./src/interrupt_counter_tut_2D_fixed.o:C:\Projects\Casioproject\Casio\project_1\project_1.sdk\timerinterrupt\Debug/../src/main_v2.c:589: first defined here
./src/main_v2.o: In function `printDisplay':
C:\Projects\Casioproject\Casio\project_1\project_1.sdk\timerinterrupt\Debug/../src/main_v2.c:507: multiple definition of `printDisplay'
./src/interrupt_counter_tut_2D_fixed.o:C:\Projects\Casioproject\Casio\project_1\project_1.sdk\timerinterrupt\Debug/../src/main_v2.c:507: first defined here
collect2.exe: error: ld returned 1 exit status
make: *** [timerinterrupt.elf] Error 1
11:22:44 **** Auto Build of configuration Debug for project timerinterrupt ****
make pre-build main-build 
a9-linaro-pre-build-step
' '
'Building file: ../src/interrupt_counter_tut_2D_fixed.c'
'Invoking: ARM v7 gcc compiler'
[...]
../src/interrupt_counter_tut_2D_fixed.c: In function 'BTN_Intr_Handler':
../src/interrupt_counter_tut_2D_fixed.c:150:2: warning: implicit declaration of function 'buttonInterrupt' [-Wimplicit-function-declaration]
  buttonInterrupt(btn_value);
  ^
../src/interrupt_counter_tut_2D_fixed.c: In function 'TMR_Intr_Handler':
../src/interrupt_counter_tut_2D_fixed.c:185:2: warning: implicit declaration of function 'timeInterrupt' [-Wimplicit-function-declaration]
  timeInterrupt();
  ^
../src/interrupt_counter_tut_2D_fixed.c:188:13: warning: unused variable 'tmr_count' [-Wunused-variable]
  static int tmr_count;
             ^
../src/interrupt_counter_tut_2D_fixed.c:187:9: warning: unused variable 'duration' [-Wunused-variable]
  double duration;
         ^
../src/interrupt_counter_tut_2D_fixed.c: In function 'main':
../src/interrupt_counter_tut_2D_fixed.c:274:3: warning: implicit declaration of function 'this_main' [-Wimplicit-function-declaration]
   this_main();
   ^
'Finished building: ../src/interrupt_counter_tut_2D_fixed.c'
' '
'Building target: timerinterrupt.elf'
'Invoking: ARM v7 gcc linker'
arm-none-eabi-gcc -mcpu=cortex-a9 -mfpu=vfpv3 -mfloat-abi=hard -Wl,-build-id=none -specs=Xilinx.spec -Wl,-T -Wl,../src/lscript.ld -L../../timerinterrupt_bsp/ps7_cortexa9_0/lib -o "timerinterrupt.elf"  ./src/interrupt_counter_tut_2D_fixed.o ./src/main_v2.o   -Wl,--start-group,-lxil,-lgcc,-lc,--end-group
'Finished building target: timerinterrupt.elf'
' '
'Invoking: ARM v7 Print Size'
arm-none-eabi-size timerinterrupt.elf  |tee "timerinterrupt.elf.size"
   text	   data	    bss	    dec	    hex	filename
  92752	   4596	  23968	 121316	  1d9e4	timerinterrupt.elf
'Finished building: timerinterrupt.elf.size'
' '
12:25:21 **** Incremental Build of configuration Debug for project edward ****
make pre-build main-build 
a9-linaro-pre-build-step
' '
make: Nothing to be done for `main-build'.
12:25:22 **** Incremental Build of configuration Debug for project timerinterrupt ****
make pre-build main-build 
a9-linaro-pre-build-step
' '
make: Nothing to be done for `main-build'.
12:30:26 **** Auto Build of configuration Debug for project timerinterrupt ****
make pre-build main-build 
a9-linaro-pre-build-step
' '
'Building file: ../src/main_v2.c'
'Invoking: ARM v7 gcc compiler'
arm-none-eabi-gcc -Wall -O0 -g3 -c -fmessage-length=0 -MT"src/main_v2.o" -mcpu=cortex-a9 -mfpu=vfpv3 -mfloat-abi=hard -I../../timerinterrupt_bsp/ps7_cortexa9_0/include -MMD -MP -MF"src/main_v2.d" -MT"src/main_v2.o" -o "src/main_v2.o" "../src/main_v2.c"
../src/main_v2.c:10:2: error: invalid preprocessing directive #DEFINE
 #DEFINE buttonA 1 // Mode, Switch
  ^
../src/main_v2.c:11:2: error: invalid preprocessing directive #DEFINE
 #DEFINE buttonB 2 // Start/Stop, Set, Increment
  ^
../src/main_v2.c:12:2: error: invalid preprocessing directive #DEFINE
 #DEFINE buttonC 4 // Adjust, Lap
  ^
../src/main_v2.c:13:2: error: invalid preprocessing directive #DEFINE
 #DEFINE buttonD 8 // Light
  ^
../src/main_v2.c: In function 'setCharDisplay':
../src/main_v2.c:574:8: warning: unused variable 'outputDigit' [-Wunused-variable]
   char outputDigit[7][5];
        ^
make: *** [src/main_v2.o] Error 1
12:30:56 **** Auto Build of configuration Debug for project timerinterrupt ****
make pre-build main-build 
a9-linaro-pre-build-step
' '
'Building file: ../src/main_v2.c'
'Invoking: ARM v7 gcc compiler'
arm-none-eabi-gcc -Wall -O0 -g3 -c -fmessage-length=0 -MT"src/main_v2.o" -mcpu=cortex-a9 -mfpu=vfpv3 -mfloat-abi=hard -I../../timerinterrupt_bsp/ps7_cortexa9_0/include -MMD -MP -MF"src/main_v2.d" -MT"src/main_v2.o" -o "src/main_v2.o" "../src/main_v2.c"
../src/main_v2.c: In function 'setCharDisplay':
../src/main_v2.c:574:8: warning: unused variable 'outputDigit' [-Wunused-variable]
   char outputDigit[7][5];
        ^
'Finished building: ../src/main_v2.c'
' '
'Building target: timerinterrupt.elf'
'Invoking: ARM v7 gcc linker'
arm-none-eabi-gcc -mcpu=cortex-a9 -mfpu=vfpv3 -mfloat-abi=hard -Wl,-build-id=none -specs=Xilinx.spec -Wl,-T -Wl,../src/lscript.ld -L../../timerinterrupt_bsp/ps7_cortexa9_0/lib -o "timerinterrupt.elf"  ./src/interrupt_counter_tut_2D_fixed.o ./src/main_v2.o   -Wl,--start-group,-lxil,-lgcc,-lc,--end-group
'Finished building target: timerinterrupt.elf'
' '
'Invoking: ARM v7 Print Size'
arm-none-eabi-size timerinterrupt.elf  |tee "timerinterrupt.elf.size"
   text	   data	    bss	    dec	    hex	filename
  92752	   4596	  23968	 121316	  1d9e4	timerinterrupt.elf
'Finished building: timerinterrupt.elf.size'
' '
12:34:48 **** Auto Build of configuration Debug for project timerinterrupt ****
make pre-build main-build 
a9-linaro-pre-build-step
' '
'Building file: ../src/main_v2.c'
'Invoking: ARM v7 gcc compiler'
arm-none-eabi-gcc -Wall -O0 -g3 -c -fmessage-length=0 -MT"src/main_v2.o" -mcpu=cortex-a9 -mfpu=vfpv3 -mfloat-abi=hard -I../../timerinterrupt_bsp/ps7_cortexa9_0/include -MMD -MP -MF"src/main_v2.d" -MT"src/main_v2.o" -o "src/main_v2.o" "../src/main_v2.c"
../src/main_v2.c: In function 'setCharDisplay':
../src/main_v2.c:574:8: warning: unused variable 'outputDigit' [-Wunused-variable]
   char outputDigit[7][5];
        ^
'Finished building: ../src/main_v2.c'
' '
'Building target: timerinterrupt.elf'
'Invoking: ARM v7 gcc linker'
arm-none-eabi-gcc -mcpu=cortex-a9 -mfpu=vfpv3 -mfloat-abi=hard -Wl,-build-id=none -specs=Xilinx.spec -Wl,-T -Wl,../src/lscript.ld -L../../timerinterrupt_bsp/ps7_cortexa9_0/lib -o "timerinterrupt.elf"  ./src/interrupt_counter_tut_2D_fixed.o ./src/main_v2.o   -Wl,--start-group,-lxil,-lgcc,-lc,--end-group
'Finished building target: timerinterrupt.elf'
' '
'Invoking: ARM v7 Print Size'
arm-none-eabi-size timerinterrupt.elf  |tee "timerinterrupt.elf.size"
   text	   data	    bss	    dec	    hex	filename
  92752	   4596	  23968	 121316	  1d9e4	timerinterrupt.elf
'Finished building: timerinterrupt.elf.size'
' '
12:35:01 **** Incremental Build of configuration Debug for project edward ****
make pre-build main-build 
a9-linaro-pre-build-step
' '
make: Nothing to be done for `main-build'.
12:35:02 **** Incremental Build of configuration Debug for project timerinterrupt ****
make pre-build main-build 
a9-linaro-pre-build-step
' '
make: Nothing to be done for `main-build'.
12:39:15 **** Auto Build of configuration Debug for project timerinterrupt ****
make pre-build main-build 
a9-linaro-pre-build-step
' '
'Building file: ../src/main_v2.c'
'Invoking: ARM v7 gcc compiler'
arm-none-eabi-gcc -Wall -O0 -g3 -c -fmessage-length=0 -MT"src/main_v2.o" -mcpu=cortex-a9 -mfpu=vfpv3 -mfloat-abi=hard -I../../timerinterrupt_bsp/ps7_cortexa9_0/include -MMD -MP -MF"src/main_v2.d" -MT"src/main_v2.o" -o "src/main_v2.o" "../src/main_v2.c"
../src/main_v2.c: In function 'setCharDisplay':
../src/main_v2.c:576:8: warning: unused variable 'outputDigit' [-Wunused-variable]
   char outputDigit[7][5];
        ^
'Finished building: ../src/main_v2.c'
' '
'Building target: timerinterrupt.elf'
'Invoking: ARM v7 gcc linker'
arm-none-eabi-gcc -mcpu=cortex-a9 -mfpu=vfpv3 -mfloat-abi=hard -Wl,-build-id=none -specs=Xilinx.spec -Wl,-T -Wl,../src/lscript.ld -L../../timerinterrupt_bsp/ps7_cortexa9_0/lib -o "timerinterrupt.elf"  ./src/interrupt_counter_tut_2D_fixed.o ./src/main_v2.o   -Wl,--start-group,-lxil,-lgcc,-lc,--end-group
'Finished building target: timerinterrupt.elf'
' '
'Invoking: ARM v7 Print Size'
arm-none-eabi-size timerinterrupt.elf  |tee "timerinterrupt.elf.size"
   text	   data	    bss	    dec	    hex	filename
  92752	   4596	  23968	 121316	  1d9e4	timerinterrupt.elf
'Finished building: timerinterrupt.elf.size'
' '
12:39:35 **** Incremental Build of configuration Debug for project edward ****
make pre-build main-build 
a9-linaro-pre-build-step
' '
make: Nothing to be done for `main-build'.
12:39:35 **** Incremental Build of configuration Debug for project timerinterrupt ****
make pre-build main-build 
a9-linaro-pre-build-step
' '
make: Nothing to be done for `main-build'.
12:41:16 **** Auto Build of configuration Debug for project timerinterrupt ****
make pre-build main-build 
a9-linaro-pre-build-step
' '
'Building file: ../src/main_v2.c'
'Invoking: ARM v7 gcc compiler'
arm-none-eabi-gcc -Wall -O0 -g3 -c -fmessage-length=0 -MT"src/main_v2.o" -mcpu=cortex-a9 -mfpu=vfpv3 -mfloat-abi=hard -I../../timerinterrupt_bsp/ps7_cortexa9_0/include -MMD -MP -MF"src/main_v2.d" -MT"src/main_v2.o" -o "src/main_v2.o" "../src/main_v2.c"
../src/main_v2.c: In function 'setCharDisplay':
../src/main_v2.c:580:8: warning: unused variable 'outputDigit' [-Wunused-variable]
   char outputDigit[7][5];
        ^
'Finished building: ../src/main_v2.c'
' '
'Building target: timerinterrupt.elf'
'Invoking: ARM v7 gcc linker'
arm-none-eabi-gcc -mcpu=cortex-a9 -mfpu=vfpv3 -mfloat-abi=hard -Wl,-build-id=none -specs=Xilinx.spec -Wl,-T -Wl,../src/lscript.ld -L../../timerinterrupt_bsp/ps7_cortexa9_0/lib -o "timerinterrupt.elf"  ./src/interrupt_counter_tut_2D_fixed.o ./src/main_v2.o   -Wl,--start-group,-lxil,-lgcc,-lc,--end-group
'Finished building target: timerinterrupt.elf'
' '
'Invoking: ARM v7 Print Size'
arm-none-eabi-size timerinterrupt.elf  |tee "timerinterrupt.elf.size"
   text	   data	    bss	    dec	    hex	filename
  92728	   4596	  23968	 121292	  1d9cc	timerinterrupt.elf
'Finished building: timerinterrupt.elf.size'
' '
12:41:24 **** Incremental Build of configuration Debug for project edward ****
make pre-build main-build 
a9-linaro-pre-build-step
' '
make: Nothing to be done for `main-build'.
12:41:24 **** Incremental Build of configuration Debug for project timerinterrupt ****
make pre-build main-build 
a9-linaro-pre-build-step
' '
make: Nothing to be done for `main-build'.
12:42:07 **** Incremental Build of configuration Debug for project edward ****
make pre-build main-build 
a9-linaro-pre-build-step
' '
make: Nothing to be done for `main-build'.
12:42:08 **** Incremental Build of configuration Debug for project timerinterrupt ****
make pre-build main-build 
a9-linaro-pre-build-step
' '
make: Nothing to be done for `main-build'.
12:42:37 **** Auto Build of configuration Debug for project timerinterrupt ****
make pre-build main-build 
a9-linaro-pre-build-step
' '
'Building file: ../src/main_v2.c'
'Invoking: ARM v7 gcc compiler'
arm-none-eabi-gcc -Wall -O0 -g3 -c -fmessage-length=0 -MT"src/main_v2.o" -mcpu=cortex-a9 -mfpu=vfpv3 -mfloat-abi=hard -I../../timerinterrupt_bsp/ps7_cortexa9_0/include -MMD -MP -MF"src/main_v2.d" -MT"src/main_v2.o" -o "src/main_v2.o" "../src/main_v2.c"
../src/main_v2.c: In function 'setCharDisplay':
../src/main_v2.c:582:8: warning: unused variable 'outputDigit' [-Wunused-variable]
   char outputDigit[7][5];
        ^
'Finished building: ../src/main_v2.c'
' '
'Building target: timerinterrupt.elf'
'Invoking: ARM v7 gcc linker'
arm-none-eabi-gcc -mcpu=cortex-a9 -mfpu=vfpv3 -mfloat-abi=hard -Wl,-build-id=none -specs=Xilinx.spec -Wl,-T -Wl,../src/lscript.ld -L../../timerinterrupt_bsp/ps7_cortexa9_0/lib -o "timerinterrupt.elf"  ./src/interrupt_counter_tut_2D_fixed.o ./src/main_v2.o   -Wl,--start-group,-lxil,-lgcc,-lc,--end-group
'Finished building target: timerinterrupt.elf'
' '
'Invoking: ARM v7 Print Size'
arm-none-eabi-size timerinterrupt.elf  |tee "timerinterrupt.elf.size"
   text	   data	    bss	    dec	    hex	filename
  92728	   4596	  23968	 121292	  1d9cc	timerinterrupt.elf
'Finished building: timerinterrupt.elf.size'
' '
12:42:47 **** Auto Build of configuration Debug for project timerinterrupt ****
make pre-build main-build 
a9-linaro-pre-build-step
' '
'Building file: ../src/main_v2.c'
'Invoking: ARM v7 gcc compiler'
arm-none-eabi-gcc -Wall -O0 -g3 -c -fmessage-length=0 -MT"src/main_v2.o" -mcpu=cortex-a9 -mfpu=vfpv3 -mfloat-abi=hard -I../../timerinterrupt_bsp/ps7_cortexa9_0/include -MMD -MP -MF"src/main_v2.d" -MT"src/main_v2.o" -o "src/main_v2.o" "../src/main_v2.c"
../src/main_v2.c: In function 'setCharDisplay':
../src/main_v2.c:578:8: warning: unused variable 'outputDigit' [-Wunused-variable]
   char outputDigit[7][5];
        ^
'Finished building: ../src/main_v2.c'
' '
'Building target: timerinterrupt.elf'
'Invoking: ARM v7 gcc linker'
arm-none-eabi-gcc -mcpu=cortex-a9 -mfpu=vfpv3 -mfloat-abi=hard -Wl,-build-id=none -specs=Xilinx.spec -Wl,-T -Wl,../src/lscript.ld -L../../timerinterrupt_bsp/ps7_cortexa9_0/lib -o "timerinterrupt.elf"  ./src/interrupt_counter_tut_2D_fixed.o ./src/main_v2.o   -Wl,--start-group,-lxil,-lgcc,-lc,--end-group
'Finished building target: timerinterrupt.elf'
' '
'Invoking: ARM v7 Print Size'
arm-none-eabi-size timerinterrupt.elf  |tee "timerinterrupt.elf.size"
   text	   data	    bss	    dec	    hex	filename
  92728	   4596	  23968	 121292	  1d9cc	timerinterrupt.elf
'Finished building: timerinterrupt.elf.size'
' '
12:42:52 **** Incremental Build of configuration Debug for project edward ****
make pre-build main-build 
a9-linaro-pre-build-step
' '
make: Nothing to be done for `main-build'.
12:42:53 **** Incremental Build of configuration Debug for project timerinterrupt ****
make pre-build main-build 
a9-linaro-pre-build-step
' '
make: Nothing to be done for `main-build'.
12:47:42 **** Auto Build of configuration Debug for project timerinterrupt ****
make pre-build main-build 
a9-linaro-pre-build-step
' '
'Building file: ../src/main_v2.c'
'Invoking: ARM v7 gcc compiler'
arm-none-eabi-gcc -Wall -O0 -g3 -c -fmessage-length=0 -MT"src/main_v2.o" -mcpu=cortex-a9 -mfpu=vfpv3 -mfloat-abi=hard -I../../timerinterrupt_bsp/ps7_cortexa9_0/include -MMD -MP -MF"src/main_v2.d" -MT"src/main_v2.o" -o "src/main_v2.o" "../src/main_v2.c"
../src/main_v2.c: In function 'setCharDisplay':
../src/main_v2.c:578:8: warning: unused variable 'outputDigit' [-Wunused-variable]
   char outputDigit[7][5];
        ^
'Finished building: ../src/main_v2.c'
' '
'Building target: timerinterrupt.elf'
'Invoking: ARM v7 gcc linker'
arm-none-eabi-gcc -mcpu=cortex-a9 -mfpu=vfpv3 -mfloat-abi=hard -Wl,-build-id=none -specs=Xilinx.spec -Wl,-T -Wl,../src/lscript.ld -L../../timerinterrupt_bsp/ps7_cortexa9_0/lib -o "timerinterrupt.elf"  ./src/interrupt_counter_tut_2D_fixed.o ./src/main_v2.o   -Wl,--start-group,-lxil,-lgcc,-lc,--end-group
'Finished building target: timerinterrupt.elf'
' '
'Invoking: ARM v7 Print Size'
arm-none-eabi-size timerinterrupt.elf  |tee "timerinterrupt.elf.size"
   text	   data	    bss	    dec	    hex	filename
  92736	   4596	  23968	 121300	  1d9d4	timerinterrupt.elf
'Finished building: timerinterrupt.elf.size'
' '
12:47:52 **** Incremental Build of configuration Debug for project edward ****
make pre-build main-build 
a9-linaro-pre-build-step
' '
make: Nothing to be done for `main-build'.
12:47:53 **** Incremental Build of configuration Debug for project timerinterrupt ****
make pre-build main-build 
a9-linaro-pre-build-step
' '
make: Nothing to be done for `main-build'.
12:48:53 **** Auto Build of configuration Debug for project timerinterrupt ****
make pre-build main-build 
a9-linaro-pre-build-step
' '
'Building file: ../src/main_v2.c'
'Invoking: ARM v7 gcc compiler'
arm-none-eabi-gcc -Wall -O0 -g3 -c -fmessage-length=0 -MT"src/main_v2.o" -mcpu=cortex-a9 -mfpu=vfpv3 -mfloat-abi=hard -I../../timerinterrupt_bsp/ps7_cortexa9_0/include -MMD -MP -MF"src/main_v2.d" -MT"src/main_v2.o" -o "src/main_v2.o" "../src/main_v2.c"
../src/main_v2.c: In function 'setCharDisplay':
../src/main_v2.c:578:8: warning: unused variable 'outputDigit' [-Wunused-variable]
   char outputDigit[7][5];
        ^
'Finished building: ../src/main_v2.c'
' '
'Building target: timerinterrupt.elf'
'Invoking: ARM v7 gcc linker'
arm-none-eabi-gcc -mcpu=cortex-a9 -mfpu=vfpv3 -mfloat-abi=hard -Wl,-build-id=none -specs=Xilinx.spec -Wl,-T -Wl,../src/lscript.ld -L../../timerinterrupt_bsp/ps7_cortexa9_0/lib -o "timerinterrupt.elf"  ./src/interrupt_counter_tut_2D_fixed.o ./src/main_v2.o   -Wl,--start-group,-lxil,-lgcc,-lc,--end-group
'Finished building target: timerinterrupt.elf'
' '
'Invoking: ARM v7 Print Size'
arm-none-eabi-size timerinterrupt.elf  |tee "timerinterrupt.elf.size"
   text	   data	    bss	    dec	    hex	filename
  92744	   4596	  23968	 121308	  1d9dc	timerinterrupt.elf
'Finished building: timerinterrupt.elf.size'
' '
12:49:01 **** Incremental Build of configuration Debug for project edward ****
make pre-build main-build 
a9-linaro-pre-build-step
' '
make: Nothing to be done for `main-build'.
12:49:02 **** Incremental Build of configuration Debug for project timerinterrupt ****
make pre-build main-build 
a9-linaro-pre-build-step
' '
make: Nothing to be done for `main-build'.
13:12:16 **** Incremental Build of configuration Debug for project edward ****
make pre-build main-build 
a9-linaro-pre-build-step
' '
make: Nothing to be done for `main-build'.
13:12:17 **** Incremental Build of configuration Debug for project timerinterrupt ****
make pre-build main-build 
a9-linaro-pre-build-step
' '
make: Nothing to be done for `main-build'.
17:18:20 **** Incremental Build of configuration Debug for project edward ****
make pre-build main-build 
a9-linaro-pre-build-step
' '
make: Nothing to be done for `main-build'.
17:18:22 **** Incremental Build of configuration Debug for project timerinterrupt ****
make pre-build main-build 
a9-linaro-pre-build-step
' '
make: Nothing to be done for `main-build'.
17:18:39 **** Incremental Build of configuration Debug for project edward ****
make pre-build main-build 
a9-linaro-pre-build-step
' '
make: Nothing to be done for `main-build'.
17:18:39 **** Incremental Build of configuration Debug for project timerinterrupt ****
make pre-build main-build 
a9-linaro-pre-build-step
' '
make: Nothing to be done for `main-build'.
17:24:07 **** Auto Build of configuration Debug for project timerinterrupt ****
make pre-build main-build 
a9-linaro-pre-build-step
' '
'Building file: ../src/interrupt_counter_tut_2D_fixed.c'
'Invoking: ARM v7 gcc compiler'
arm-none-eabi-gcc -Wall -O0 -g3 -c -fmessage-length=0 -MT"src/interrupt_counter_tut_2D_fixed.o" -mcpu=cortex-a9 -mfpu=vfpv3 -mfloat-abi=hard -I../../timerinterrupt_bsp/ps7_cortexa9_0/include -MMD -MP -MF"src/interrupt_counter_tut_2D_fixed.d" -MT"src/interrupt_counter_tut_2D_fixed.o" -o "src/interrupt_counter_tut_2D_fixed.o" "../src/interrupt_counter_tut_2D_fixed.c"
../src/interrupt_counter_tut_2D_fixed.c: In function 'BTN_Intr_Handler':
../src/interrupt_counter_tut_2D_fixed.c:130:2: warning: implicit declaration of function 'buttonInterrupt' [-Wimplicit-function-declaration]
  buttonInterrupt(btn_value);
  ^
../src/interrupt_counter_tut_2D_fixed.c: In function 'TMR_Intr_Handler':
../src/interrupt_counter_tut_2D_fixed.c:165:2: warning: implicit declaration of function 'timeInterrupt' [-Wimplicit-function-declaration]
  timeInterrupt();
  ^
../src/interrupt_counter_tut_2D_fixed.c:168:13: warning: unused variable 'tmr_count' [-Wunused-variable]
  static int tmr_count;
             ^
../src/interrupt_counter_tut_2D_fixed.c:167:9: warning: unused variable 'duration' [-Wunused-variable]
  double duration;
         ^
../src/interrupt_counter_tut_2D_fixed.c: In function 'main':
../src/interrupt_counter_tut_2D_fixed.c:254:3: warning: implicit declaration of function 'this_main' [-Wimplicit-function-declaration]
   this_main();
   ^
'Finished building: ../src/interrupt_counter_tut_2D_fixed.c'
' '
'Building target: timerinterrupt.elf'
'Invoking: ARM v7 gcc linker'
arm-none-eabi-gcc -mcpu=cortex-a9 -mfpu=vfpv3 -mfloat-abi=hard -Wl,-build-id=none -specs=Xilinx.spec -Wl,-T -Wl,../src/lscript.ld -L../../timerinterrupt_bsp/ps7_cortexa9_0/lib -o "timerinterrupt.elf"  ./src/interrupt_counter_tut_2D_fixed.o ./src/main_v2.o   -Wl,--start-group,-lxil,-lgcc,-lc,--end-group
'Finished building target: timerinterrupt.elf'
' '
'Invoking: ARM v7 Print Size'
arm-none-eabi-size timerinterrupt.elf  |tee "timerinterrupt.elf.size"
   text	   data	    bss	    dec	    hex	filename
  92744	   4596	  23968	 121308	  1d9dc	timerinterrupt.elf
'Finished building: timerinterrupt.elf.size'
' '
